[2024-04-10T15:40:38.253+0800][0.012s] Using G1
[2024-04-10T15:40:38.854+0800][0.613s] Version: 17.0.1+12-LTS-39 (release)
[2024-04-10T15:40:38.854+0800][0.613s] CPUs: 4 total, 4 available
[2024-04-10T15:40:38.854+0800][0.613s] Memory: 8192M
[2024-04-10T15:40:38.854+0800][0.613s] Large Page Support: Disabled
[2024-04-10T15:40:38.854+0800][0.613s] NUMA Support: Disabled
[2024-04-10T15:40:38.854+0800][0.614s] Compressed Oops: Enabled (Zero based)
[2024-04-10T15:40:38.854+0800][0.614s] Heap Region Size: 1M
[2024-04-10T15:40:38.854+0800][0.614s] Heap Min Capacity: 512M
[2024-04-10T15:40:38.854+0800][0.614s] Heap Initial Capacity: 512M
[2024-04-10T15:40:38.854+0800][0.614s] Heap Max Capacity: 512M
[2024-04-10T15:40:38.854+0800][0.614s] Pre-touch: Enabled
[2024-04-10T15:40:38.854+0800][0.614s] Parallel Workers: 4
[2024-04-10T15:40:38.854+0800][0.614s] Concurrent Workers: 1
[2024-04-10T15:40:38.854+0800][0.614s] Concurrent Refinement Workers: 4
[2024-04-10T15:40:38.854+0800][0.614s] Periodic GC: Disabled
[2024-04-10T15:40:38.855+0800][0.614s] CDS archive(s) mapped at: [0x0000000800000000-0x0000000800bd4000-0x0000000800bd4000), size 12402688, SharedBaseAddress: 0x0000000800000000, ArchiveRelocationMode: 0.
[2024-04-10T15:40:38.855+0800][0.614s] Compressed class space mapped at: 0x0000000800c00000-0x0000000840c00000, reserved size: 1073741824
[2024-04-10T15:40:38.855+0800][0.614s] Narrow klass base: 0x0000000800000000, Narrow klass shift: 0, Narrow klass range: 0x100000000
[2024-04-10T15:40:39.615+0800][1.374s] GC(0) Pause Young (Normal) (G1 Evacuation Pause)
[2024-04-10T15:40:39.615+0800][1.374s] GC(0) Using 4 workers of 4 for evacuation
[2024-04-10T15:40:39.619+0800][1.379s] GC(0)   Pre Evacuate Collection Set: 0.1ms
[2024-04-10T15:40:39.619+0800][1.379s] GC(0)   Merge Heap Roots: 0.1ms
[2024-04-10T15:40:39.619+0800][1.379s] GC(0)   Evacuate Collection Set: 2.7ms
[2024-04-10T15:40:39.619+0800][1.379s] GC(0)   Post Evacuate Collection Set: 0.4ms
[2024-04-10T15:40:39.619+0800][1.379s] GC(0)   Other: 0.5ms
[2024-04-10T15:40:39.619+0800][1.379s] GC(0) Eden regions: 25->0(41)
[2024-04-10T15:40:39.619+0800][1.379s] GC(0) Survivor regions: 0->3(4)
[2024-04-10T15:40:39.619+0800][1.379s] GC(0) Old regions: 0->0
[2024-04-10T15:40:39.619+0800][1.379s] GC(0) Archive regions: 2->2
[2024-04-10T15:40:39.619+0800][1.379s] GC(0) Humongous regions: 0->0
[2024-04-10T15:40:39.619+0800][1.379s] GC(0) Metaspace: 6160K(6336K)->6160K(6336K) NonClass: 5427K(5504K)->5427K(5504K) Class: 732K(832K)->732K(832K)
[2024-04-10T15:40:39.619+0800][1.379s] GC(0) Pause Young (Normal) (G1 Evacuation Pause) 25M->3M(512M) 4.753ms
[2024-04-10T15:40:39.620+0800][1.379s] GC(0) User=0.01s Sys=0.00s Real=0.01s
[2024-04-10T15:40:40.704+0800][2.464s] GC(1) Pause Young (Normal) (G1 Evacuation Pause)
[2024-04-10T15:40:40.704+0800][2.464s] GC(1) Using 4 workers of 4 for evacuation
[2024-04-10T15:40:40.727+0800][2.487s] GC(1)   Pre Evacuate Collection Set: 0.1ms
[2024-04-10T15:40:40.727+0800][2.487s] GC(1)   Merge Heap Roots: 0.0ms
[2024-04-10T15:40:40.727+0800][2.487s] GC(1)   Evacuate Collection Set: 21.5ms
[2024-04-10T15:40:40.727+0800][2.487s] GC(1)   Post Evacuate Collection Set: 1.1ms
[2024-04-10T15:40:40.727+0800][2.487s] GC(1)   Other: 0.2ms
[2024-04-10T15:40:40.727+0800][2.487s] GC(1) Eden regions: 38->0(71)
[2024-04-10T15:40:40.727+0800][2.487s] GC(1) Survivor regions: 3->6(6)
[2024-04-10T15:40:40.727+0800][2.487s] GC(1) Old regions: 0->8
[2024-04-10T15:40:40.727+0800][2.487s] GC(1) Archive regions: 2->2
[2024-04-10T15:40:40.727+0800][2.487s] GC(1) Humongous regions: 4->4
[2024-04-10T15:40:40.727+0800][2.487s] GC(1) Metaspace: 17657K(17920K)->17657K(17920K) NonClass: 15537K(15680K)->15537K(15680K) Class: 2119K(2240K)->2119K(2240K)
[2024-04-10T15:40:40.727+0800][2.487s] GC(1) Pause Young (Normal) (G1 Evacuation Pause) 45M->18M(512M) 23.104ms
[2024-04-10T15:40:40.727+0800][2.487s] GC(1) User=0.08s Sys=0.00s Real=0.02s
[2024-04-10T15:40:41.590+0800][3.349s] GC(2) Pause Young (Concurrent Start) (Metadata GC Threshold)
[2024-04-10T15:40:41.590+0800][3.349s] GC(2) Using 4 workers of 4 for evacuation
[2024-04-10T15:40:41.601+0800][3.361s] GC(2)   Pre Evacuate Collection Set: 0.1ms
[2024-04-10T15:40:41.601+0800][3.361s] GC(2)   Merge Heap Roots: 0.1ms
[2024-04-10T15:40:41.601+0800][3.361s] GC(2)   Evacuate Collection Set: 9.6ms
[2024-04-10T15:40:41.601+0800][3.361s] GC(2)   Post Evacuate Collection Set: 0.7ms
[2024-04-10T15:40:41.601+0800][3.361s] GC(2)   Other: 1.1ms
[2024-04-10T15:40:41.601+0800][3.361s] GC(2) Eden regions: 49->0(71)
[2024-04-10T15:40:41.601+0800][3.361s] GC(2) Survivor regions: 6->10(10)
[2024-04-10T15:40:41.601+0800][3.361s] GC(2) Old regions: 8->10
[2024-04-10T15:40:41.601+0800][3.361s] GC(2) Archive regions: 2->2
[2024-04-10T15:40:41.601+0800][3.361s] GC(2) Humongous regions: 4->4
[2024-04-10T15:40:41.601+0800][3.361s] GC(2) Metaspace: 21238K(21504K)->21238K(21504K) NonClass: 18689K(18816K)->18689K(18816K) Class: 2548K(2688K)->2548K(2688K)
[2024-04-10T15:40:41.601+0800][3.361s] GC(2) Pause Young (Concurrent Start) (Metadata GC Threshold) 67M->24M(512M) 11.733ms
[2024-04-10T15:40:41.602+0800][3.361s] GC(2) User=0.03s Sys=0.00s Real=0.01s
[2024-04-10T15:40:41.602+0800][3.361s] GC(3) Concurrent Mark Cycle
[2024-04-10T15:40:41.602+0800][3.361s] GC(3) Concurrent Clear Claimed Marks
[2024-04-10T15:40:41.602+0800][3.361s] GC(3) Concurrent Clear Claimed Marks 0.038ms
[2024-04-10T15:40:41.602+0800][3.361s] GC(3) Concurrent Scan Root Regions
[2024-04-10T15:40:41.608+0800][3.368s] GC(3) Concurrent Scan Root Regions 6.651ms
[2024-04-10T15:40:41.608+0800][3.368s] GC(3) Concurrent Mark
[2024-04-10T15:40:41.608+0800][3.368s] GC(3) Concurrent Mark From Roots
[2024-04-10T15:40:41.608+0800][3.368s] GC(3) Using 1 workers of 1 for marking
[2024-04-10T15:40:41.629+0800][3.389s] GC(3) Concurrent Mark From Roots 20.964ms
[2024-04-10T15:40:41.629+0800][3.389s] GC(3) Concurrent Preclean
[2024-04-10T15:40:41.629+0800][3.389s] GC(3) Concurrent Preclean 0.034ms
[2024-04-10T15:40:41.630+0800][3.389s] GC(3) Pause Remark
[2024-04-10T15:40:41.632+0800][3.391s] GC(3) Pause Remark 25M->25M(512M) 2.088ms
[2024-04-10T15:40:41.632+0800][3.391s] GC(3) User=0.01s Sys=0.00s Real=0.00s
[2024-04-10T15:40:41.632+0800][3.391s] GC(3) Concurrent Mark 23.439ms
[2024-04-10T15:40:41.632+0800][3.391s] GC(3) Concurrent Rebuild Remembered Sets
[2024-04-10T15:40:41.646+0800][3.405s] GC(3) Concurrent Rebuild Remembered Sets 14.022ms
[2024-04-10T15:40:41.646+0800][3.405s] GC(3) Pause Cleanup
[2024-04-10T15:40:41.646+0800][3.405s] GC(3) Pause Cleanup 26M->26M(512M) 0.092ms
[2024-04-10T15:40:41.646+0800][3.406s] GC(3) User=0.00s Sys=0.00s Real=0.00s
[2024-04-10T15:40:41.646+0800][3.406s] GC(3) Concurrent Cleanup for Next Mark
[2024-04-10T15:40:41.648+0800][3.407s] GC(3) Concurrent Cleanup for Next Mark 1.582ms
[2024-04-10T15:40:41.648+0800][3.408s] GC(3) Concurrent Mark Cycle 46.809ms
[2024-04-10T15:40:44.196+0800][5.955s] GC(4) Pause Young (Normal) (G1 Evacuation Pause)
[2024-04-10T15:40:44.196+0800][5.955s] GC(4) Using 4 workers of 4 for evacuation
[2024-04-10T15:40:44.221+0800][5.980s] GC(4)   Pre Evacuate Collection Set: 1.0ms
[2024-04-10T15:40:44.221+0800][5.980s] GC(4)   Merge Heap Roots: 1.3ms
[2024-04-10T15:40:44.221+0800][5.980s] GC(4)   Evacuate Collection Set: 20.5ms
[2024-04-10T15:40:44.221+0800][5.980s] GC(4)   Post Evacuate Collection Set: 1.8ms
[2024-04-10T15:40:44.221+0800][5.980s] GC(4)   Other: 0.3ms
[2024-04-10T15:40:44.221+0800][5.980s] GC(4) Eden regions: 79->0(232)
[2024-04-10T15:40:44.221+0800][5.980s] GC(4) Survivor regions: 10->10(12)
[2024-04-10T15:40:44.221+0800][5.980s] GC(4) Old regions: 10->15
[2024-04-10T15:40:44.221+0800][5.981s] GC(4) Archive regions: 2->2
[2024-04-10T15:40:44.221+0800][5.981s] GC(4) Humongous regions: 4->4
[2024-04-10T15:40:44.221+0800][5.981s] GC(4) Metaspace: 34318K(34752K)->34318K(34752K) NonClass: 30135K(30336K)->30135K(30336K) Class: 4183K(4416K)->4183K(4416K)
[2024-04-10T15:40:44.221+0800][5.981s] GC(4) Pause Young (Normal) (G1 Evacuation Pause) 103M->28M(512M) 25.510ms
[2024-04-10T15:40:44.221+0800][5.981s] GC(4) User=0.06s Sys=0.00s Real=0.03s
[2024-04-10T15:40:44.785+0800][6.544s] GC(5) Pause Young (Concurrent Start) (Metadata GC Threshold)
[2024-04-10T15:40:44.785+0800][6.544s] GC(5) Using 4 workers of 4 for evacuation
[2024-04-10T15:40:44.805+0800][6.565s] GC(5)   Pre Evacuate Collection Set: 0.1ms
[2024-04-10T15:40:44.806+0800][6.565s] GC(5)   Merge Heap Roots: 0.0ms
[2024-04-10T15:40:44.806+0800][6.565s] GC(5)   Evacuate Collection Set: 17.9ms
[2024-04-10T15:40:44.806+0800][6.565s] GC(5)   Post Evacuate Collection Set: 1.8ms
[2024-04-10T15:40:44.806+0800][6.565s] GC(5)   Other: 0.3ms
[2024-04-10T15:40:44.806+0800][6.565s] GC(5) Eden regions: 14->0(243)
[2024-04-10T15:40:44.806+0800][6.565s] GC(5) Survivor regions: 10->11(31)
[2024-04-10T15:40:44.806+0800][6.565s] GC(5) Old regions: 15->15
[2024-04-10T15:40:44.806+0800][6.565s] GC(5) Archive regions: 2->2
[2024-04-10T15:40:44.806+0800][6.565s] GC(5) Humongous regions: 4->4
[2024-04-10T15:40:44.806+0800][6.565s] GC(5) Metaspace: 36040K(36416K)->36040K(36416K) NonClass: 31610K(31808K)->31610K(31808K) Class: 4430K(4608K)->4430K(4608K)
[2024-04-10T15:40:44.806+0800][6.565s] GC(5) Pause Young (Concurrent Start) (Metadata GC Threshold) 42M->30M(512M) 20.709ms
[2024-04-10T15:40:44.806+0800][6.565s] GC(5) User=0.04s Sys=0.00s Real=0.02s
[2024-04-10T15:40:44.806+0800][6.565s] GC(6) Concurrent Mark Cycle
[2024-04-10T15:40:44.806+0800][6.565s] GC(6) Concurrent Clear Claimed Marks
[2024-04-10T15:40:44.806+0800][6.565s] GC(6) Concurrent Clear Claimed Marks 0.050ms
[2024-04-10T15:40:44.806+0800][6.565s] GC(6) Concurrent Scan Root Regions
[2024-04-10T15:40:44.816+0800][6.575s] GC(6) Concurrent Scan Root Regions 9.465ms
[2024-04-10T15:40:44.816+0800][6.575s] GC(6) Concurrent Mark
[2024-04-10T15:40:44.816+0800][6.575s] GC(6) Concurrent Mark From Roots
[2024-04-10T15:40:44.816+0800][6.575s] GC(6) Using 1 workers of 1 for marking
[2024-04-10T15:40:44.862+0800][6.621s] GC(6) Concurrent Mark From Roots 46.157ms
[2024-04-10T15:40:44.862+0800][6.621s] GC(6) Concurrent Preclean
[2024-04-10T15:40:44.862+0800][6.621s] GC(6) Concurrent Preclean 0.090ms
[2024-04-10T15:40:44.862+0800][6.621s] GC(6) Pause Remark
[2024-04-10T15:40:44.865+0800][6.624s] GC(6) Pause Remark 32M->32M(512M) 2.559ms
[2024-04-10T15:40:44.865+0800][6.624s] GC(6) User=0.01s Sys=0.00s Real=0.00s
[2024-04-10T15:40:44.865+0800][6.624s] GC(6) Concurrent Mark 49.196ms
[2024-04-10T15:40:44.865+0800][6.624s] GC(6) Concurrent Rebuild Remembered Sets
[2024-04-10T15:40:44.886+0800][6.645s] GC(6) Concurrent Rebuild Remembered Sets 21.264ms
[2024-04-10T15:40:44.886+0800][6.646s] GC(6) Pause Cleanup
[2024-04-10T15:40:44.886+0800][6.646s] GC(6) Pause Cleanup 32M->32M(512M) 0.121ms
[2024-04-10T15:40:44.886+0800][6.646s] GC(6) User=0.00s Sys=0.00s Real=0.00s
[2024-04-10T15:40:44.887+0800][6.646s] GC(6) Concurrent Cleanup for Next Mark
[2024-04-10T15:40:44.888+0800][6.648s] GC(6) Concurrent Cleanup for Next Mark 1.837ms
[2024-04-10T15:40:44.888+0800][6.648s] GC(6) Concurrent Mark Cycle 82.463ms
[2024-04-10T16:00:12.597+0800][1179.387s] Heap
[2024-04-10T16:00:12.597+0800][1179.387s]  garbage-first heap   total 524288K, used 226396K [0x00000007e0000000, 0x0000000800000000)
[2024-04-10T16:00:12.597+0800][1179.387s]   region size 1024K, 201 young (205824K), 11 survivors (11264K)
[2024-04-10T16:00:12.597+0800][1179.387s]  Metaspace       used 59345K, committed 59904K, reserved 1105920K
[2024-04-10T16:00:12.597+0800][1179.387s]   class space    used 7540K, committed 7808K, reserved 1048576K
