[2024-04-11T12:11:07.150+0800][0.014s] Using G1
[2024-04-11T12:11:07.900+0800][0.764s] Version: 17.0.1+12-LTS-39 (release)
[2024-04-11T12:11:07.901+0800][0.764s] CPUs: 4 total, 4 available
[2024-04-11T12:11:07.901+0800][0.764s] Memory: 8192M
[2024-04-11T12:11:07.901+0800][0.764s] Large Page Support: Disabled
[2024-04-11T12:11:07.901+0800][0.764s] NUMA Support: Disabled
[2024-04-11T12:11:07.901+0800][0.764s] Compressed Oops: Enabled (Zero based)
[2024-04-11T12:11:07.901+0800][0.765s] Heap Region Size: 1M
[2024-04-11T12:11:07.901+0800][0.765s] Heap Min Capacity: 512M
[2024-04-11T12:11:07.901+0800][0.765s] Heap Initial Capacity: 512M
[2024-04-11T12:11:07.901+0800][0.765s] Heap Max Capacity: 512M
[2024-04-11T12:11:07.901+0800][0.765s] Pre-touch: Enabled
[2024-04-11T12:11:07.901+0800][0.765s] Parallel Workers: 4
[2024-04-11T12:11:07.901+0800][0.765s] Concurrent Workers: 1
[2024-04-11T12:11:07.901+0800][0.765s] Concurrent Refinement Workers: 4
[2024-04-11T12:11:07.901+0800][0.765s] Periodic GC: Disabled
[2024-04-11T12:11:07.902+0800][0.766s] CDS archive(s) mapped at: [0x0000000800000000-0x0000000800bd4000-0x0000000800bd4000), size 12402688, SharedBaseAddress: 0x0000000800000000, ArchiveRelocationMode: 0.
[2024-04-11T12:11:07.902+0800][0.766s] Compressed class space mapped at: 0x0000000800c00000-0x0000000840c00000, reserved size: 1073741824
[2024-04-11T12:11:07.902+0800][0.766s] Narrow klass base: 0x0000000800000000, Narrow klass shift: 0, Narrow klass range: 0x100000000
[2024-04-11T12:11:08.937+0800][1.801s] GC(0) Pause Young (Normal) (G1 Evacuation Pause)
[2024-04-11T12:11:08.938+0800][1.801s] GC(0) Using 4 workers of 4 for evacuation
[2024-04-11T12:11:08.941+0800][1.805s] GC(0)   Pre Evacuate Collection Set: 0.1ms
[2024-04-11T12:11:08.941+0800][1.805s] GC(0)   Merge Heap Roots: 0.2ms
[2024-04-11T12:11:08.941+0800][1.805s] GC(0)   Evacuate Collection Set: 2.8ms
[2024-04-11T12:11:08.941+0800][1.805s] GC(0)   Post Evacuate Collection Set: 0.5ms
[2024-04-11T12:11:08.942+0800][1.805s] GC(0)   Other: 0.5ms
[2024-04-11T12:11:08.942+0800][1.805s] GC(0) Eden regions: 25->0(41)
[2024-04-11T12:11:08.942+0800][1.805s] GC(0) Survivor regions: 0->3(4)
[2024-04-11T12:11:08.942+0800][1.805s] GC(0) Old regions: 0->0
[2024-04-11T12:11:08.942+0800][1.805s] GC(0) Archive regions: 2->2
[2024-04-11T12:11:08.942+0800][1.805s] GC(0) Humongous regions: 0->0
[2024-04-11T12:11:08.942+0800][1.805s] GC(0) Metaspace: 6199K(6464K)->6199K(6464K) NonClass: 5464K(5632K)->5464K(5632K) Class: 735K(832K)->735K(832K)
[2024-04-11T12:11:08.942+0800][1.805s] GC(0) Pause Young (Normal) (G1 Evacuation Pause) 25M->3M(512M) 4.341ms
[2024-04-11T12:11:08.942+0800][1.805s] GC(0) User=0.01s Sys=0.00s Real=0.01s
[2024-04-11T12:11:10.348+0800][3.212s] GC(1) Pause Young (Normal) (G1 Evacuation Pause)
[2024-04-11T12:11:10.348+0800][3.212s] GC(1) Using 4 workers of 4 for evacuation
[2024-04-11T12:11:10.370+0800][3.233s] GC(1)   Pre Evacuate Collection Set: 0.1ms
[2024-04-11T12:11:10.370+0800][3.233s] GC(1)   Merge Heap Roots: 0.1ms
[2024-04-11T12:11:10.370+0800][3.233s] GC(1)   Evacuate Collection Set: 20.5ms
[2024-04-11T12:11:10.370+0800][3.233s] GC(1)   Post Evacuate Collection Set: 0.7ms
[2024-04-11T12:11:10.370+0800][3.233s] GC(1)   Other: 0.2ms
[2024-04-11T12:11:10.370+0800][3.233s] GC(1) Eden regions: 38->0(81)
[2024-04-11T12:11:10.370+0800][3.233s] GC(1) Survivor regions: 3->6(6)
[2024-04-11T12:11:10.370+0800][3.233s] GC(1) Old regions: 0->8
[2024-04-11T12:11:10.370+0800][3.233s] GC(1) Archive regions: 2->2
[2024-04-11T12:11:10.370+0800][3.233s] GC(1) Humongous regions: 4->4
[2024-04-11T12:11:10.370+0800][3.233s] GC(1) Metaspace: 17566K(17856K)->17566K(17856K) NonClass: 15465K(15616K)->15465K(15616K) Class: 2100K(2240K)->2100K(2240K)
[2024-04-11T12:11:10.370+0800][3.234s] GC(1) Pause Young (Normal) (G1 Evacuation Pause) 45M->18M(512M) 21.676ms
[2024-04-11T12:11:10.370+0800][3.234s] GC(1) User=0.06s Sys=0.01s Real=0.03s
[2024-04-11T12:11:11.295+0800][4.159s] GC(2) Pause Young (Concurrent Start) (Metadata GC Threshold)
[2024-04-11T12:11:11.296+0800][4.159s] GC(2) Using 4 workers of 4 for evacuation
[2024-04-11T12:11:11.306+0800][4.170s] GC(2)   Pre Evacuate Collection Set: 0.1ms
[2024-04-11T12:11:11.306+0800][4.170s] GC(2)   Merge Heap Roots: 0.1ms
[2024-04-11T12:11:11.306+0800][4.170s] GC(2)   Evacuate Collection Set: 9.3ms
[2024-04-11T12:11:11.306+0800][4.170s] GC(2)   Post Evacuate Collection Set: 0.8ms
[2024-04-11T12:11:11.306+0800][4.170s] GC(2)   Other: 0.3ms
[2024-04-11T12:11:11.306+0800][4.170s] GC(2) Eden regions: 50->0(69)
[2024-04-11T12:11:11.306+0800][4.170s] GC(2) Survivor regions: 6->9(9)
[2024-04-11T12:11:11.306+0800][4.170s] GC(2) Old regions: 8->11
[2024-04-11T12:11:11.306+0800][4.170s] GC(2) Archive regions: 2->2
[2024-04-11T12:11:11.306+0800][4.170s] GC(2) Humongous regions: 4->4
[2024-04-11T12:11:11.306+0800][4.170s] GC(2) Metaspace: 21254K(21504K)->21254K(21504K) NonClass: 18699K(18816K)->18699K(18816K) Class: 2554K(2688K)->2554K(2688K)
[2024-04-11T12:11:11.306+0800][4.170s] GC(2) Pause Young (Concurrent Start) (Metadata GC Threshold) 68M->24M(512M) 10.701ms
[2024-04-11T12:11:11.306+0800][4.170s] GC(2) User=0.04s Sys=0.00s Real=0.01s
[2024-04-11T12:11:11.306+0800][4.170s] GC(3) Concurrent Mark Cycle
[2024-04-11T12:11:11.306+0800][4.170s] GC(3) Concurrent Clear Claimed Marks
[2024-04-11T12:11:11.306+0800][4.170s] GC(3) Concurrent Clear Claimed Marks 0.030ms
[2024-04-11T12:11:11.306+0800][4.170s] GC(3) Concurrent Scan Root Regions
[2024-04-11T12:11:11.316+0800][4.179s] GC(3) Concurrent Scan Root Regions 9.305ms
[2024-04-11T12:11:11.316+0800][4.179s] GC(3) Concurrent Mark
[2024-04-11T12:11:11.316+0800][4.179s] GC(3) Concurrent Mark From Roots
[2024-04-11T12:11:11.316+0800][4.179s] GC(3) Using 1 workers of 1 for marking
[2024-04-11T12:11:11.339+0800][4.203s] GC(3) Concurrent Mark From Roots 23.265ms
[2024-04-11T12:11:11.339+0800][4.203s] GC(3) Concurrent Preclean
[2024-04-11T12:11:11.339+0800][4.203s] GC(3) Concurrent Preclean 0.065ms
[2024-04-11T12:11:11.339+0800][4.203s] GC(3) Pause Remark
[2024-04-11T12:11:11.342+0800][4.206s] GC(3) Pause Remark 25M->25M(512M) 3.068ms
[2024-04-11T12:11:11.343+0800][4.206s] GC(3) User=0.01s Sys=0.00s Real=0.01s
[2024-04-11T12:11:11.343+0800][4.207s] GC(3) Concurrent Mark 27.299ms
[2024-04-11T12:11:11.343+0800][4.207s] GC(3) Concurrent Rebuild Remembered Sets
[2024-04-11T12:11:11.362+0800][4.225s] GC(3) Concurrent Rebuild Remembered Sets 18.618ms
[2024-04-11T12:11:11.364+0800][4.228s] GC(3) Pause Cleanup
[2024-04-11T12:11:11.364+0800][4.228s] GC(3) Pause Cleanup 25M->25M(512M) 0.234ms
[2024-04-11T12:11:11.365+0800][4.228s] GC(3) User=0.00s Sys=0.00s Real=0.00s
[2024-04-11T12:11:11.365+0800][4.228s] GC(3) Concurrent Cleanup for Next Mark
[2024-04-11T12:11:11.368+0800][4.232s] GC(3) Concurrent Cleanup for Next Mark 3.283ms
[2024-04-11T12:11:11.368+0800][4.232s] GC(3) Concurrent Mark Cycle 62.145ms
[2024-04-11T12:11:13.423+0800][6.286s] GC(4) Pause Young (Normal) (G1 Evacuation Pause)
[2024-04-11T12:11:13.423+0800][6.287s] GC(4) Using 4 workers of 4 for evacuation
[2024-04-11T12:11:13.467+0800][6.330s] GC(4)   Pre Evacuate Collection Set: 0.1ms
[2024-04-11T12:11:13.467+0800][6.330s] GC(4)   Merge Heap Roots: 0.1ms
[2024-04-11T12:11:13.467+0800][6.331s] GC(4)   Evacuate Collection Set: 31.3ms
[2024-04-11T12:11:13.467+0800][6.331s] GC(4)   Post Evacuate Collection Set: 12.1ms
[2024-04-11T12:11:13.467+0800][6.331s] GC(4)   Other: 0.6ms
[2024-04-11T12:11:13.467+0800][6.331s] GC(4) Eden regions: 73->0(226)
[2024-04-11T12:11:13.467+0800][6.331s] GC(4) Survivor regions: 9->10(11)
[2024-04-11T12:11:13.467+0800][6.331s] GC(4) Old regions: 11->15
[2024-04-11T12:11:13.467+0800][6.331s] GC(4) Archive regions: 2->2
[2024-04-11T12:11:13.467+0800][6.331s] GC(4) Humongous regions: 4->4
[2024-04-11T12:11:13.467+0800][6.331s] GC(4) Metaspace: 34088K(34432K)->34088K(34432K) NonClass: 29950K(30144K)->29950K(30144K) Class: 4138K(4288K)->4138K(4288K)
[2024-04-11T12:11:13.467+0800][6.331s] GC(4) Pause Young (Normal) (G1 Evacuation Pause) 97M->28M(512M) 44.400ms
[2024-04-11T12:11:13.467+0800][6.331s] GC(4) User=0.06s Sys=0.00s Real=0.04s
[2024-04-11T12:11:14.019+0800][6.883s] GC(5) Pause Young (Concurrent Start) (Metadata GC Threshold)
[2024-04-11T12:11:14.019+0800][6.883s] GC(5) Using 4 workers of 4 for evacuation
[2024-04-11T12:11:14.030+0800][6.894s] GC(5)   Pre Evacuate Collection Set: 0.1ms
[2024-04-11T12:11:14.030+0800][6.894s] GC(5)   Merge Heap Roots: 0.0ms
[2024-04-11T12:11:14.030+0800][6.894s] GC(5)   Evacuate Collection Set: 10.2ms
[2024-04-11T12:11:14.030+0800][6.894s] GC(5)   Post Evacuate Collection Set: 0.6ms
[2024-04-11T12:11:14.030+0800][6.894s] GC(5)   Other: 0.3ms
[2024-04-11T12:11:14.030+0800][6.894s] GC(5) Eden regions: 17->0(246)
[2024-04-11T12:11:14.030+0800][6.894s] GC(5) Survivor regions: 10->11(30)
[2024-04-11T12:11:14.030+0800][6.894s] GC(5) Old regions: 15->15
[2024-04-11T12:11:14.030+0800][6.894s] GC(5) Archive regions: 2->2
[2024-04-11T12:11:14.030+0800][6.894s] GC(5) Humongous regions: 4->4
[2024-04-11T12:11:14.030+0800][6.894s] GC(5) Metaspace: 35856K(36288K)->35856K(36288K) NonClass: 31452K(31680K)->31452K(31680K) Class: 4403K(4608K)->4403K(4608K)
[2024-04-11T12:11:14.030+0800][6.894s] GC(5) Pause Young (Concurrent Start) (Metadata GC Threshold) 45M->30M(512M) 11.488ms
[2024-04-11T12:11:14.030+0800][6.894s] GC(5) User=0.04s Sys=0.00s Real=0.02s
[2024-04-11T12:11:14.030+0800][6.894s] GC(6) Concurrent Mark Cycle
[2024-04-11T12:11:14.031+0800][6.894s] GC(6) Concurrent Clear Claimed Marks
[2024-04-11T12:11:14.031+0800][6.894s] GC(6) Concurrent Clear Claimed Marks 0.040ms
[2024-04-11T12:11:14.031+0800][6.894s] GC(6) Concurrent Scan Root Regions
[2024-04-11T12:11:14.040+0800][6.904s] GC(6) Concurrent Scan Root Regions 9.886ms
[2024-04-11T12:11:14.041+0800][6.904s] GC(6) Concurrent Mark
[2024-04-11T12:11:14.041+0800][6.904s] GC(6) Concurrent Mark From Roots
[2024-04-11T12:11:14.041+0800][6.904s] GC(6) Using 1 workers of 1 for marking
[2024-04-11T12:11:14.095+0800][6.959s] GC(6) Concurrent Mark From Roots 54.327ms
[2024-04-11T12:11:14.095+0800][6.959s] GC(6) Concurrent Preclean
[2024-04-11T12:11:14.095+0800][6.959s] GC(6) Concurrent Preclean 0.088ms
[2024-04-11T12:11:14.095+0800][6.959s] GC(6) Pause Remark
[2024-04-11T12:11:14.100+0800][6.964s] GC(6) Pause Remark 34M->34M(512M) 4.486ms
[2024-04-11T12:11:14.100+0800][6.964s] GC(6) User=0.01s Sys=0.00s Real=0.01s
[2024-04-11T12:11:14.100+0800][6.964s] GC(6) Concurrent Mark 59.948ms
[2024-04-11T12:11:14.101+0800][6.964s] GC(6) Concurrent Rebuild Remembered Sets
[2024-04-11T12:11:14.138+0800][7.001s] GC(6) Concurrent Rebuild Remembered Sets 37.281ms
[2024-04-11T12:11:14.138+0800][7.002s] GC(6) Pause Cleanup
[2024-04-11T12:11:14.139+0800][7.002s] GC(6) Pause Cleanup 36M->36M(512M) 0.116ms
[2024-04-11T12:11:14.139+0800][7.002s] GC(6) User=0.00s Sys=0.00s Real=0.00s
[2024-04-11T12:11:14.139+0800][7.002s] GC(6) Concurrent Cleanup for Next Mark
[2024-04-11T12:11:14.140+0800][7.004s] GC(6) Concurrent Cleanup for Next Mark 1.728ms
[2024-04-11T12:11:14.140+0800][7.004s] GC(6) Concurrent Mark Cycle 110.000ms
[2024-04-11T12:46:57.121+0800][2153.235s] GC(7) Pause Young (Concurrent Start) (G1 Evacuation Pause)
[2024-04-11T12:46:57.122+0800][2153.236s] GC(7) Using 4 workers of 4 for evacuation
[2024-04-11T12:46:57.296+0800][2153.410s] GC(7)   Pre Evacuate Collection Set: 2.0ms
[2024-04-11T12:46:57.296+0800][2153.410s] GC(7)   Merge Heap Roots: 0.8ms
[2024-04-11T12:46:57.296+0800][2153.410s] GC(7)   Evacuate Collection Set: 164.3ms
[2024-04-11T12:46:57.296+0800][2153.410s] GC(7)   Post Evacuate Collection Set: 4.6ms
[2024-04-11T12:46:57.296+0800][2153.410s] GC(7)   Other: 2.1ms
[2024-04-11T12:46:57.296+0800][2153.410s] GC(7) Eden regions: 278->0(192)
[2024-04-11T12:46:57.296+0800][2153.410s] GC(7) Survivor regions: 11->27(37)
[2024-04-11T12:46:57.296+0800][2153.410s] GC(7) Old regions: 15->15
[2024-04-11T12:46:57.296+0800][2153.410s] GC(7) Archive regions: 2->2
[2024-04-11T12:46:57.296+0800][2153.410s] GC(7) Humongous regions: 4->4
[2024-04-11T12:46:57.296+0800][2153.410s] GC(7) Metaspace: 59127K(59776K)->59127K(59776K) NonClass: 51690K(52032K)->51690K(52032K) Class: 7436K(7744K)->7436K(7744K)
[2024-04-11T12:46:57.296+0800][2153.410s] GC(7) Pause Young (Concurrent Start) (G1 Evacuation Pause) 308M->45M(512M) 174.996ms
[2024-04-11T12:46:57.296+0800][2153.410s] GC(7) User=0.14s Sys=0.23s Real=0.17s
[2024-04-11T12:46:57.296+0800][2153.411s] GC(8) Concurrent Mark Cycle
[2024-04-11T12:46:57.296+0800][2153.411s] GC(8) Concurrent Clear Claimed Marks
[2024-04-11T12:46:57.297+0800][2153.411s] GC(8) Concurrent Clear Claimed Marks 0.081ms
[2024-04-11T12:46:57.297+0800][2153.411s] GC(8) Concurrent Scan Root Regions
[2024-04-11T12:46:57.343+0800][2153.457s] GC(8) Concurrent Scan Root Regions 46.025ms
[2024-04-11T12:46:57.343+0800][2153.457s] GC(8) Concurrent Mark
[2024-04-11T12:46:57.343+0800][2153.457s] GC(8) Concurrent Mark From Roots
[2024-04-11T12:46:57.343+0800][2153.457s] GC(8) Using 1 workers of 1 for marking
[2024-04-11T12:46:57.396+0800][2153.510s] GC(8) Concurrent Mark From Roots 53.118ms
[2024-04-11T12:46:57.396+0800][2153.510s] GC(8) Concurrent Preclean
[2024-04-11T12:46:57.396+0800][2153.510s] GC(8) Concurrent Preclean 0.390ms
[2024-04-11T12:46:57.396+0800][2153.510s] GC(8) Pause Remark
[2024-04-11T12:46:57.446+0800][2153.560s] GC(8) Pause Remark 48M->48M(512M) 49.339ms
[2024-04-11T12:46:57.446+0800][2153.560s] GC(8) User=0.04s Sys=0.08s Real=0.05s
[2024-04-11T12:46:57.446+0800][2153.560s] GC(8) Concurrent Mark 103.220ms
[2024-04-11T12:46:57.446+0800][2153.560s] GC(8) Concurrent Rebuild Remembered Sets
[2024-04-11T12:46:57.465+0800][2153.580s] GC(8) Concurrent Rebuild Remembered Sets 19.516ms
[2024-04-11T12:46:57.466+0800][2153.580s] GC(8) Pause Cleanup
[2024-04-11T12:46:57.466+0800][2153.580s] GC(8) Pause Cleanup 48M->48M(512M) 0.107ms
[2024-04-11T12:46:57.466+0800][2153.580s] GC(8) User=0.00s Sys=0.00s Real=0.00s
[2024-04-11T12:46:57.466+0800][2153.580s] GC(8) Concurrent Cleanup for Next Mark
[2024-04-11T12:46:57.473+0800][2153.587s] GC(8) Concurrent Cleanup for Next Mark 6.849ms
[2024-04-11T12:46:57.473+0800][2153.587s] GC(8) Concurrent Mark Cycle 176.672ms
[2024-04-11T14:34:59.590+0800][3427.275s] GC(9) Pause Young (Normal) (G1 Evacuation Pause)
[2024-04-11T14:34:59.591+0800][3427.276s] GC(9) Using 4 workers of 4 for evacuation
[2024-04-11T14:34:59.767+0800][3427.452s] GC(9)   Pre Evacuate Collection Set: 0.4ms
[2024-04-11T14:34:59.767+0800][3427.452s] GC(9)   Merge Heap Roots: 0.2ms
[2024-04-11T14:34:59.767+0800][3427.452s] GC(9)   Evacuate Collection Set: 166.8ms
[2024-04-11T14:34:59.767+0800][3427.452s] GC(9)   Post Evacuate Collection Set: 8.3ms
[2024-04-11T14:34:59.767+0800][3427.452s] GC(9)   Other: 1.1ms
[2024-04-11T14:34:59.767+0800][3427.452s] GC(9) Eden regions: 206->0(303)
[2024-04-11T14:34:59.768+0800][3427.452s] GC(9) Survivor regions: 27->4(30)
[2024-04-11T14:34:59.768+0800][3427.452s] GC(9) Old regions: 15->36
[2024-04-11T14:34:59.768+0800][3427.452s] GC(9) Archive regions: 2->2
[2024-04-11T14:34:59.768+0800][3427.452s] GC(9) Humongous regions: 4->4
[2024-04-11T14:34:59.768+0800][3427.452s] GC(9) Metaspace: 60716K(61248K)->60716K(61248K) NonClass: 53207K(53504K)->53207K(53504K) Class: 7508K(7744K)->7508K(7744K)
[2024-04-11T14:34:59.768+0800][3427.452s] GC(9) Pause Young (Normal) (G1 Evacuation Pause) 251M->44M(512M) 177.375ms
[2024-04-11T14:34:59.768+0800][3427.452s] GC(9) User=0.12s Sys=0.14s Real=0.17s
[2024-04-11T14:45:00.129+0800][4027.796s] GC(10) Pause Young (Normal) (G1 Evacuation Pause)
[2024-04-11T14:45:00.137+0800][4027.803s] GC(10) Using 4 workers of 4 for evacuation
[2024-04-11T14:45:00.162+0800][4027.829s] GC(10)   Pre Evacuate Collection Set: 0.4ms
[2024-04-11T14:45:00.162+0800][4027.829s] GC(10)   Merge Heap Roots: 0.2ms
[2024-04-11T14:45:00.162+0800][4027.829s] GC(10)   Evacuate Collection Set: 23.1ms
[2024-04-11T14:45:00.162+0800][4027.829s] GC(10)   Post Evacuate Collection Set: 1.4ms
[2024-04-11T14:45:00.162+0800][4027.829s] GC(10)   Other: 8.0ms
[2024-04-11T14:45:00.162+0800][4027.829s] GC(10) Eden regions: 303->0(300)
[2024-04-11T14:45:00.162+0800][4027.829s] GC(10) Survivor regions: 4->7(39)
[2024-04-11T14:45:00.162+0800][4027.829s] GC(10) Old regions: 36->36
[2024-04-11T14:45:00.162+0800][4027.829s] GC(10) Archive regions: 2->2
[2024-04-11T14:45:00.162+0800][4027.829s] GC(10) Humongous regions: 4->4
[2024-04-11T14:45:00.162+0800][4027.829s] GC(10) Metaspace: 61266K(61888K)->61266K(61888K) NonClass: 53740K(54080K)->53740K(54080K) Class: 7525K(7808K)->7525K(7808K)
[2024-04-11T14:45:00.162+0800][4027.829s] GC(10) Pause Young (Normal) (G1 Evacuation Pause) 347M->47M(512M) 33.217ms
[2024-04-11T14:45:00.162+0800][4027.829s] GC(10) User=0.03s Sys=0.03s Real=0.04s
[2024-04-11T14:52:59.021+0800][4506.330s] GC(11) Pause Young (Normal) (G1 Evacuation Pause)
[2024-04-11T14:52:59.022+0800][4506.331s] GC(11) Using 4 workers of 4 for evacuation
[2024-04-11T14:52:59.058+0800][4506.367s] GC(11)   Pre Evacuate Collection Set: 0.3ms
[2024-04-11T14:52:59.059+0800][4506.367s] GC(11)   Merge Heap Roots: 0.4ms
[2024-04-11T14:52:59.059+0800][4506.367s] GC(11)   Evacuate Collection Set: 33.7ms
[2024-04-11T14:52:59.059+0800][4506.367s] GC(11)   Post Evacuate Collection Set: 1.9ms
[2024-04-11T14:52:59.059+0800][4506.367s] GC(11)   Other: 6.0ms
[2024-04-11T14:52:59.059+0800][4506.368s] GC(11) Eden regions: 300->0(299)
[2024-04-11T14:52:59.059+0800][4506.368s] GC(11) Survivor regions: 7->8(39)
[2024-04-11T14:52:59.059+0800][4506.368s] GC(11) Old regions: 36->36
[2024-04-11T14:52:59.059+0800][4506.368s] GC(11) Archive regions: 2->2
[2024-04-11T14:52:59.059+0800][4506.368s] GC(11) Humongous regions: 4->4
[2024-04-11T14:52:59.059+0800][4506.368s] GC(11) Metaspace: 61650K(62208K)->61650K(62208K) NonClass: 54122K(54400K)->54122K(54400K) Class: 7527K(7808K)->7527K(7808K)
[2024-04-11T14:52:59.059+0800][4506.368s] GC(11) Pause Young (Normal) (G1 Evacuation Pause) 347M->48M(512M) 37.424ms
[2024-04-11T14:52:59.059+0800][4506.368s] GC(11) User=0.03s Sys=0.03s Real=0.03s
[2024-04-11T15:18:52.586+0800][5960.476s] GC(12) Pause Young (Normal) (G1 Evacuation Pause)
[2024-04-11T15:18:52.587+0800][5960.476s] GC(12) Using 4 workers of 4 for evacuation
[2024-04-11T15:18:52.632+0800][5960.521s] GC(12)   Pre Evacuate Collection Set: 0.4ms
[2024-04-11T15:18:52.632+0800][5960.521s] GC(12)   Merge Heap Roots: 0.2ms
[2024-04-11T15:18:52.632+0800][5960.521s] GC(12)   Evacuate Collection Set: 42.8ms
[2024-04-11T15:18:52.632+0800][5960.521s] GC(12)   Post Evacuate Collection Set: 1.4ms
[2024-04-11T15:18:52.632+0800][5960.521s] GC(12)   Other: 0.6ms
[2024-04-11T15:18:52.632+0800][5960.521s] GC(12) Eden regions: 299->0(297)
[2024-04-11T15:18:52.632+0800][5960.521s] GC(12) Survivor regions: 8->10(39)
[2024-04-11T15:18:52.632+0800][5960.521s] GC(12) Old regions: 36->36
[2024-04-11T15:18:52.632+0800][5960.522s] GC(12) Archive regions: 2->2
[2024-04-11T15:18:52.632+0800][5960.522s] GC(12) Humongous regions: 4->4
[2024-04-11T15:18:52.632+0800][5960.522s] GC(12) Metaspace: 62549K(63168K)->62549K(63168K) NonClass: 54961K(55296K)->54961K(55296K) Class: 7587K(7872K)->7587K(7872K)
[2024-04-11T15:18:52.632+0800][5960.522s] GC(12) Pause Young (Normal) (G1 Evacuation Pause) 347M->50M(512M) 45.594ms
[2024-04-11T15:18:52.632+0800][5960.522s] GC(12) User=0.08s Sys=0.08s Real=0.05s
[2024-04-11T15:36:49.553+0800][7037.406s] GC(13) Pause Young (Normal) (G1 Evacuation Pause)
[2024-04-11T15:36:49.554+0800][7037.407s] GC(13) Using 4 workers of 4 for evacuation
[2024-04-11T15:36:49.600+0800][7037.452s] GC(13)   Pre Evacuate Collection Set: 0.2ms
[2024-04-11T15:36:49.600+0800][7037.453s] GC(13)   Merge Heap Roots: 0.3ms
[2024-04-11T15:36:49.600+0800][7037.453s] GC(13)   Evacuate Collection Set: 43.0ms
[2024-04-11T15:36:49.600+0800][7037.453s] GC(13)   Post Evacuate Collection Set: 1.9ms
[2024-04-11T15:36:49.600+0800][7037.453s] GC(13)   Other: 9.7ms
[2024-04-11T15:36:49.600+0800][7037.453s] GC(13) Eden regions: 297->0(291)
[2024-04-11T15:36:49.600+0800][7037.453s] GC(13) Survivor regions: 10->16(39)
[2024-04-11T15:36:49.600+0800][7037.453s] GC(13) Old regions: 36->36
[2024-04-11T15:36:49.600+0800][7037.453s] GC(13) Archive regions: 2->2
[2024-04-11T15:36:49.600+0800][7037.453s] GC(13) Humongous regions: 4->4
[2024-04-11T15:36:49.600+0800][7037.453s] GC(13) Metaspace: 63568K(64256K)->63568K(64256K) NonClass: 55882K(56256K)->55882K(56256K) Class: 7685K(8000K)->7685K(8000K)
[2024-04-11T15:36:49.600+0800][7037.453s] GC(13) Pause Young (Normal) (G1 Evacuation Pause) 347M->56M(512M) 46.618ms
[2024-04-11T15:36:49.600+0800][7037.453s] GC(13) User=0.05s Sys=0.06s Real=0.05s
[2024-04-11T17:17:45.915+0800][12489.576s] Heap
[2024-04-11T17:17:45.915+0800][12489.577s]  garbage-first heap   total 524288K, used 125482K [0x00000007e0000000, 0x0000000800000000)
[2024-04-11T17:17:45.915+0800][12489.577s]   region size 1024K, 82 young (83968K), 16 survivors (16384K)
[2024-04-11T17:17:45.915+0800][12489.577s]  Metaspace       used 63805K, committed 64448K, reserved 1105920K
[2024-04-11T17:17:45.915+0800][12489.577s]   class space    used 7713K, committed 8000K, reserved 1048576K
