[2024-04-12T21:53:42.632+0800][0.015s] Using G1
[2024-04-12T21:53:43.131+0800][0.514s] Version: 17.0.1+12-LTS-39 (release)
[2024-04-12T21:53:43.131+0800][0.514s] CPUs: 4 total, 4 available
[2024-04-12T21:53:43.131+0800][0.514s] Memory: 8192M
[2024-04-12T21:53:43.131+0800][0.514s] Large Page Support: Disabled
[2024-04-12T21:53:43.131+0800][0.514s] NUMA Support: Disabled
[2024-04-12T21:53:43.131+0800][0.514s] Compressed Oops: Enabled (Zero based)
[2024-04-12T21:53:43.131+0800][0.514s] Heap Region Size: 1M
[2024-04-12T21:53:43.131+0800][0.514s] Heap Min Capacity: 512M
[2024-04-12T21:53:43.131+0800][0.514s] Heap Initial Capacity: 512M
[2024-04-12T21:53:43.131+0800][0.514s] Heap Max Capacity: 512M
[2024-04-12T21:53:43.131+0800][0.514s] Pre-touch: Enabled
[2024-04-12T21:53:43.131+0800][0.514s] Parallel Workers: 4
[2024-04-12T21:53:43.131+0800][0.514s] Concurrent Workers: 1
[2024-04-12T21:53:43.131+0800][0.514s] Concurrent Refinement Workers: 4
[2024-04-12T21:53:43.131+0800][0.514s] Periodic GC: Disabled
[2024-04-12T21:53:43.132+0800][0.515s] CDS archive(s) mapped at: [0x0000000800000000-0x0000000800bd4000-0x0000000800bd4000), size 12402688, SharedBaseAddress: 0x0000000800000000, ArchiveRelocationMode: 0.
[2024-04-12T21:53:43.132+0800][0.515s] Compressed class space mapped at: 0x0000000800c00000-0x0000000840c00000, reserved size: 1073741824
[2024-04-12T21:53:43.132+0800][0.515s] Narrow klass base: 0x0000000800000000, Narrow klass shift: 0, Narrow klass range: 0x100000000
[2024-04-12T21:53:44.354+0800][1.738s] GC(0) Pause Young (Normal) (G1 Evacuation Pause)
[2024-04-12T21:53:44.355+0800][1.738s] GC(0) Using 4 workers of 4 for evacuation
[2024-04-12T21:53:44.359+0800][1.742s] GC(0)   Pre Evacuate Collection Set: 0.1ms
[2024-04-12T21:53:44.359+0800][1.742s] GC(0)   Merge Heap Roots: 0.2ms
[2024-04-12T21:53:44.359+0800][1.742s] GC(0)   Evacuate Collection Set: 3.0ms
[2024-04-12T21:53:44.359+0800][1.742s] GC(0)   Post Evacuate Collection Set: 0.4ms
[2024-04-12T21:53:44.359+0800][1.742s] GC(0)   Other: 0.5ms
[2024-04-12T21:53:44.359+0800][1.742s] GC(0) Eden regions: 25->0(41)
[2024-04-12T21:53:44.359+0800][1.742s] GC(0) Survivor regions: 0->3(4)
[2024-04-12T21:53:44.359+0800][1.742s] GC(0) Old regions: 0->0
[2024-04-12T21:53:44.359+0800][1.742s] GC(0) Archive regions: 2->2
[2024-04-12T21:53:44.359+0800][1.742s] GC(0) Humongous regions: 0->0
[2024-04-12T21:53:44.359+0800][1.742s] GC(0) Metaspace: 6227K(6464K)->6227K(6464K) NonClass: 5488K(5632K)->5488K(5632K) Class: 738K(832K)->738K(832K)
[2024-04-12T21:53:44.359+0800][1.742s] GC(0) Pause Young (Normal) (G1 Evacuation Pause) 25M->3M(512M) 4.393ms
[2024-04-12T21:53:44.359+0800][1.742s] GC(0) User=0.01s Sys=0.01s Real=0.00s
[2024-04-12T21:53:45.793+0800][3.177s] GC(1) Pause Young (Normal) (G1 Evacuation Pause)
[2024-04-12T21:53:45.793+0800][3.177s] GC(1) Using 4 workers of 4 for evacuation
[2024-04-12T21:53:45.813+0800][3.196s] GC(1)   Pre Evacuate Collection Set: 0.1ms
[2024-04-12T21:53:45.813+0800][3.196s] GC(1)   Merge Heap Roots: 0.1ms
[2024-04-12T21:53:45.813+0800][3.196s] GC(1)   Evacuate Collection Set: 18.2ms
[2024-04-12T21:53:45.813+0800][3.196s] GC(1)   Post Evacuate Collection Set: 0.9ms
[2024-04-12T21:53:45.813+0800][3.196s] GC(1)   Other: 0.2ms
[2024-04-12T21:53:45.813+0800][3.196s] GC(1) Eden regions: 38->0(88)
[2024-04-12T21:53:45.813+0800][3.196s] GC(1) Survivor regions: 3->6(6)
[2024-04-12T21:53:45.813+0800][3.196s] GC(1) Old regions: 0->8
[2024-04-12T21:53:45.813+0800][3.196s] GC(1) Archive regions: 2->2
[2024-04-12T21:53:45.813+0800][3.196s] GC(1) Humongous regions: 4->4
[2024-04-12T21:53:45.813+0800][3.196s] GC(1) Metaspace: 17558K(17856K)->17558K(17856K) NonClass: 15458K(15616K)->15458K(15616K) Class: 2099K(2240K)->2099K(2240K)
[2024-04-12T21:53:45.813+0800][3.196s] GC(1) Pause Young (Normal) (G1 Evacuation Pause) 45M->18M(512M) 19.574ms
[2024-04-12T21:53:45.813+0800][3.196s] GC(1) User=0.05s Sys=0.00s Real=0.02s
[2024-04-12T21:53:47.167+0800][4.550s] GC(2) Pause Young (Concurrent Start) (Metadata GC Threshold)
[2024-04-12T21:53:47.167+0800][4.550s] GC(2) Using 4 workers of 4 for evacuation
[2024-04-12T21:53:47.177+0800][4.560s] GC(2)   Pre Evacuate Collection Set: 0.1ms
[2024-04-12T21:53:47.177+0800][4.560s] GC(2)   Merge Heap Roots: 0.1ms
[2024-04-12T21:53:47.177+0800][4.560s] GC(2)   Evacuate Collection Set: 8.9ms
[2024-04-12T21:53:47.177+0800][4.560s] GC(2)   Post Evacuate Collection Set: 0.8ms
[2024-04-12T21:53:47.177+0800][4.560s] GC(2)   Other: 0.3ms
[2024-04-12T21:53:47.177+0800][4.560s] GC(2) Eden regions: 50->0(72)
[2024-04-12T21:53:47.177+0800][4.560s] GC(2) Survivor regions: 6->6(9)
[2024-04-12T21:53:47.177+0800][4.560s] GC(2) Old regions: 8->14
[2024-04-12T21:53:47.177+0800][4.560s] GC(2) Archive regions: 2->2
[2024-04-12T21:53:47.177+0800][4.560s] GC(2) Humongous regions: 4->4
[2024-04-12T21:53:47.177+0800][4.560s] GC(2) Metaspace: 21243K(21504K)->21243K(21504K) NonClass: 18688K(18816K)->18688K(18816K) Class: 2555K(2688K)->2555K(2688K)
[2024-04-12T21:53:47.177+0800][4.560s] GC(2) Pause Young (Concurrent Start) (Metadata GC Threshold) 68M->23M(512M) 10.239ms
[2024-04-12T21:53:47.177+0800][4.560s] GC(2) User=0.03s Sys=0.01s Real=0.01s
[2024-04-12T21:53:47.177+0800][4.560s] GC(3) Concurrent Mark Cycle
[2024-04-12T21:53:47.177+0800][4.560s] GC(3) Concurrent Clear Claimed Marks
[2024-04-12T21:53:47.177+0800][4.560s] GC(3) Concurrent Clear Claimed Marks 0.031ms
[2024-04-12T21:53:47.177+0800][4.560s] GC(3) Concurrent Scan Root Regions
[2024-04-12T21:53:47.190+0800][4.573s] GC(3) Concurrent Scan Root Regions 12.776ms
[2024-04-12T21:53:47.190+0800][4.573s] GC(3) Concurrent Mark
[2024-04-12T21:53:47.190+0800][4.573s] GC(3) Concurrent Mark From Roots
[2024-04-12T21:53:47.190+0800][4.573s] GC(3) Using 1 workers of 1 for marking
[2024-04-12T21:53:47.217+0800][4.600s] GC(3) Concurrent Mark From Roots 27.118ms
[2024-04-12T21:53:47.217+0800][4.600s] GC(3) Concurrent Preclean
[2024-04-12T21:53:47.217+0800][4.600s] GC(3) Concurrent Preclean 0.037ms
[2024-04-12T21:53:47.217+0800][4.600s] GC(3) Pause Remark
[2024-04-12T21:53:47.219+0800][4.602s] GC(3) Pause Remark 24M->24M(512M) 2.032ms
[2024-04-12T21:53:47.219+0800][4.602s] GC(3) User=0.00s Sys=0.00s Real=0.00s
[2024-04-12T21:53:47.219+0800][4.602s] GC(3) Concurrent Mark 29.487ms
[2024-04-12T21:53:47.219+0800][4.602s] GC(3) Concurrent Rebuild Remembered Sets
[2024-04-12T21:53:47.250+0800][4.633s] GC(3) Concurrent Rebuild Remembered Sets 30.711ms
[2024-04-12T21:53:47.251+0800][4.634s] GC(3) Pause Cleanup
[2024-04-12T21:53:47.251+0800][4.634s] GC(3) Pause Cleanup 25M->25M(512M) 0.269ms
[2024-04-12T21:53:47.251+0800][4.635s] GC(3) User=0.00s Sys=0.00s Real=0.00s
[2024-04-12T21:53:47.252+0800][4.635s] GC(3) Concurrent Cleanup for Next Mark
[2024-04-12T21:53:47.254+0800][4.637s] GC(3) Concurrent Cleanup for Next Mark 2.377ms
[2024-04-12T21:53:47.254+0800][4.638s] GC(3) Concurrent Mark Cycle 77.492ms
[2024-04-12T21:53:50.336+0800][7.719s] GC(4) Pause Young (Normal) (G1 Evacuation Pause)
[2024-04-12T21:53:50.336+0800][7.719s] GC(4) Using 4 workers of 4 for evacuation
[2024-04-12T21:53:50.349+0800][7.732s] GC(4)   Pre Evacuate Collection Set: 0.1ms
[2024-04-12T21:53:50.349+0800][7.732s] GC(4)   Merge Heap Roots: 0.1ms
[2024-04-12T21:53:50.349+0800][7.732s] GC(4)   Evacuate Collection Set: 11.0ms
[2024-04-12T21:53:50.349+0800][7.732s] GC(4)   Post Evacuate Collection Set: 1.1ms
[2024-04-12T21:53:50.349+0800][7.732s] GC(4)   Other: 0.4ms
[2024-04-12T21:53:50.349+0800][7.732s] GC(4) Eden regions: 72->0(302)
[2024-04-12T21:53:50.349+0800][7.732s] GC(4) Survivor regions: 6->5(10)
[2024-04-12T21:53:50.349+0800][7.732s] GC(4) Old regions: 14->19
[2024-04-12T21:53:50.349+0800][7.732s] GC(4) Archive regions: 2->2
[2024-04-12T21:53:50.349+0800][7.732s] GC(4) Humongous regions: 4->4
[2024-04-12T21:53:50.349+0800][7.732s] GC(4) Metaspace: 33182K(33472K)->33182K(33472K) NonClass: 29167K(29312K)->29167K(29312K) Class: 4015K(4160K)->4015K(4160K)
[2024-04-12T21:53:50.349+0800][7.732s] GC(4) Pause Young (Normal) (G1 Evacuation Pause) 95M->28M(512M) 13.018ms
[2024-04-12T21:53:50.349+0800][7.732s] GC(4) User=0.03s Sys=0.00s Real=0.01s
[2024-04-12T21:53:52.362+0800][9.745s] GC(5) Pause Young (Concurrent Start) (Metadata GC Threshold)
[2024-04-12T21:53:52.362+0800][9.746s] GC(5) Using 4 workers of 4 for evacuation
[2024-04-12T21:53:52.385+0800][9.768s] GC(5)   Pre Evacuate Collection Set: 0.1ms
[2024-04-12T21:53:52.385+0800][9.768s] GC(5)   Merge Heap Roots: 0.1ms
[2024-04-12T21:53:52.385+0800][9.768s] GC(5)   Evacuate Collection Set: 16.6ms
[2024-04-12T21:53:52.385+0800][9.768s] GC(5)   Post Evacuate Collection Set: 5.2ms
[2024-04-12T21:53:52.385+0800][9.768s] GC(5)   Other: 0.5ms
[2024-04-12T21:53:52.385+0800][9.768s] GC(5) Eden regions: 22->0(301)
[2024-04-12T21:53:52.385+0800][9.768s] GC(5) Survivor regions: 5->6(39)
[2024-04-12T21:53:52.385+0800][9.768s] GC(5) Old regions: 19->19
[2024-04-12T21:53:52.385+0800][9.768s] GC(5) Archive regions: 2->2
[2024-04-12T21:53:52.385+0800][9.768s] GC(5) Humongous regions: 4->4
[2024-04-12T21:53:52.385+0800][9.768s] GC(5) Metaspace: 35812K(36160K)->35812K(36160K) NonClass: 31416K(31616K)->31416K(31616K) Class: 4395K(4544K)->4395K(4544K)
[2024-04-12T21:53:52.385+0800][9.768s] GC(5) Pause Young (Concurrent Start) (Metadata GC Threshold) 49M->29M(512M) 22.715ms
[2024-04-12T21:53:52.385+0800][9.768s] GC(5) User=0.03s Sys=0.00s Real=0.02s
[2024-04-12T21:53:52.385+0800][9.768s] GC(6) Concurrent Mark Cycle
[2024-04-12T21:53:52.385+0800][9.768s] GC(6) Concurrent Clear Claimed Marks
[2024-04-12T21:53:52.385+0800][9.768s] GC(6) Concurrent Clear Claimed Marks 0.037ms
[2024-04-12T21:53:52.385+0800][9.768s] GC(6) Concurrent Scan Root Regions
[2024-04-12T21:53:52.394+0800][9.777s] GC(6) Concurrent Scan Root Regions 8.633ms
[2024-04-12T21:53:52.394+0800][9.777s] GC(6) Concurrent Mark
[2024-04-12T21:53:52.394+0800][9.777s] GC(6) Concurrent Mark From Roots
[2024-04-12T21:53:52.394+0800][9.777s] GC(6) Using 1 workers of 1 for marking
[2024-04-12T21:53:52.493+0800][9.877s] GC(6) Concurrent Mark From Roots 99.479ms
[2024-04-12T21:53:52.493+0800][9.877s] GC(6) Concurrent Preclean
[2024-04-12T21:53:52.494+0800][9.877s] GC(6) Concurrent Preclean 0.125ms
[2024-04-12T21:53:52.494+0800][9.877s] GC(6) Pause Remark
[2024-04-12T21:53:52.496+0800][9.880s] GC(6) Pause Remark 33M->33M(512M) 2.698ms
[2024-04-12T21:53:52.496+0800][9.880s] GC(6) User=0.01s Sys=0.00s Real=0.00s
[2024-04-12T21:53:52.500+0800][9.883s] GC(6) Concurrent Mark 105.801ms
[2024-04-12T21:53:52.500+0800][9.883s] GC(6) Concurrent Rebuild Remembered Sets
[2024-04-12T21:53:52.541+0800][9.924s] GC(6) Concurrent Rebuild Remembered Sets 41.324ms
[2024-04-12T21:53:52.541+0800][9.924s] GC(6) Pause Cleanup
[2024-04-12T21:53:52.541+0800][9.925s] GC(6) Pause Cleanup 35M->35M(512M) 0.169ms
[2024-04-12T21:53:52.541+0800][9.925s] GC(6) User=0.00s Sys=0.00s Real=0.00s
[2024-04-12T21:53:52.542+0800][9.925s] GC(6) Concurrent Cleanup for Next Mark
[2024-04-12T21:53:52.545+0800][9.928s] GC(6) Concurrent Cleanup for Next Mark 2.887ms
[2024-04-12T21:53:52.545+0800][9.928s] GC(6) Concurrent Mark Cycle 159.744ms
[2024-04-13T00:54:44.423+0800][8831.046s] GC(7) Pause Young (Concurrent Start) (G1 Evacuation Pause)
[2024-04-13T00:54:44.424+0800][8831.047s] GC(7) Using 4 workers of 4 for evacuation
[2024-04-13T00:54:44.655+0800][8831.278s] GC(7)   Pre Evacuate Collection Set: 1.0ms
[2024-04-13T00:54:44.655+0800][8831.278s] GC(7)   Merge Heap Roots: 0.3ms
[2024-04-13T00:54:44.655+0800][8831.278s] GC(7)   Evacuate Collection Set: 225.5ms
[2024-04-13T00:54:44.655+0800][8831.278s] GC(7)   Post Evacuate Collection Set: 3.3ms
[2024-04-13T00:54:44.655+0800][8831.278s] GC(7)   Other: 2.0ms
[2024-04-13T00:54:44.655+0800][8831.278s] GC(7) Eden regions: 301->0(196)
[2024-04-13T00:54:44.655+0800][8831.278s] GC(7) Survivor regions: 6->28(39)
[2024-04-13T00:54:44.655+0800][8831.278s] GC(7) Old regions: 19->19
[2024-04-13T00:54:44.655+0800][8831.278s] GC(7) Archive regions: 2->2
[2024-04-13T00:54:44.655+0800][8831.278s] GC(7) Humongous regions: 4->4
[2024-04-13T00:54:44.656+0800][8831.278s] GC(7) Metaspace: 59487K(60032K)->59487K(60032K) NonClass: 52069K(52352K)->52069K(52352K) Class: 7417K(7680K)->7417K(7680K)
[2024-04-13T00:54:44.656+0800][8831.278s] GC(7) Pause Young (Concurrent Start) (G1 Evacuation Pause) 330M->51M(512M) 232.929ms
[2024-04-13T00:54:44.656+0800][8831.279s] GC(7) User=0.17s Sys=0.39s Real=0.23s
[2024-04-13T00:54:44.656+0800][8831.279s] GC(8) Concurrent Mark Cycle
[2024-04-13T00:54:44.656+0800][8831.279s] GC(8) Concurrent Clear Claimed Marks
[2024-04-13T00:54:44.656+0800][8831.279s] GC(8) Concurrent Clear Claimed Marks 0.074ms
[2024-04-13T00:54:44.656+0800][8831.279s] GC(8) Concurrent Scan Root Regions
[2024-04-13T00:54:44.690+0800][8831.313s] GC(8) Concurrent Scan Root Regions 34.172ms
[2024-04-13T00:54:44.690+0800][8831.313s] GC(8) Concurrent Mark
[2024-04-13T00:54:44.690+0800][8831.313s] GC(8) Concurrent Mark From Roots
[2024-04-13T00:54:44.690+0800][8831.313s] GC(8) Using 1 workers of 1 for marking
[2024-04-13T00:54:44.771+0800][8831.393s] GC(8) Concurrent Mark From Roots 80.406ms
[2024-04-13T00:54:44.771+0800][8831.393s] GC(8) Concurrent Preclean
[2024-04-13T00:54:44.771+0800][8831.394s] GC(8) Concurrent Preclean 0.610ms
[2024-04-13T00:54:44.771+0800][8831.394s] GC(8) Pause Remark
[2024-04-13T00:54:44.896+0800][8831.519s] GC(8) Pause Remark 55M->55M(512M) 124.251ms
[2024-04-13T00:54:44.896+0800][8831.519s] GC(8) User=0.09s Sys=0.16s Real=0.12s
[2024-04-13T00:54:44.906+0800][8831.529s] GC(8) Concurrent Mark 215.764ms
[2024-04-13T00:54:44.906+0800][8831.529s] GC(8) Concurrent Rebuild Remembered Sets
[2024-04-13T00:54:44.946+0800][8831.568s] GC(8) Concurrent Rebuild Remembered Sets 39.664ms
[2024-04-13T00:54:44.946+0800][8831.569s] GC(8) Pause Cleanup
[2024-04-13T00:54:44.946+0800][8831.569s] GC(8) Pause Cleanup 56M->56M(512M) 0.148ms
[2024-04-13T00:54:44.946+0800][8831.569s] GC(8) User=0.00s Sys=0.00s Real=0.00s
[2024-04-13T00:54:44.946+0800][8831.569s] GC(8) Concurrent Cleanup for Next Mark
[2024-04-13T00:54:44.956+0800][8831.579s] GC(8) Concurrent Cleanup for Next Mark 9.546ms
[2024-04-13T00:54:44.956+0800][8831.579s] GC(8) Concurrent Mark Cycle 300.365ms
