[2024-04-09T17:01:35.093+0800][0.012s] Using G1
[2024-04-09T17:01:35.721+0800][0.641s] Version: 17.0.1+12-LTS-39 (release)
[2024-04-09T17:01:35.722+0800][0.641s] CPUs: 4 total, 4 available
[2024-04-09T17:01:35.722+0800][0.641s] Memory: 8192M
[2024-04-09T17:01:35.722+0800][0.641s] Large Page Support: Disabled
[2024-04-09T17:01:35.722+0800][0.641s] NUMA Support: Disabled
[2024-04-09T17:01:35.722+0800][0.641s] Compressed Oops: Enabled (Zero based)
[2024-04-09T17:01:35.722+0800][0.641s] Heap Region Size: 1M
[2024-04-09T17:01:35.722+0800][0.641s] Heap Min Capacity: 512M
[2024-04-09T17:01:35.722+0800][0.641s] Heap Initial Capacity: 512M
[2024-04-09T17:01:35.722+0800][0.641s] Heap Max Capacity: 512M
[2024-04-09T17:01:35.722+0800][0.641s] Pre-touch: Enabled
[2024-04-09T17:01:35.722+0800][0.641s] Parallel Workers: 4
[2024-04-09T17:01:35.722+0800][0.641s] Concurrent Workers: 1
[2024-04-09T17:01:35.722+0800][0.641s] Concurrent Refinement Workers: 4
[2024-04-09T17:01:35.722+0800][0.641s] Periodic GC: Disabled
[2024-04-09T17:01:35.723+0800][0.643s] CDS archive(s) mapped at: [0x0000000800000000-0x0000000800bd4000-0x0000000800bd4000), size 12402688, SharedBaseAddress: 0x0000000800000000, ArchiveRelocationMode: 0.
[2024-04-09T17:01:35.723+0800][0.643s] Compressed class space mapped at: 0x0000000800c00000-0x0000000840c00000, reserved size: 1073741824
[2024-04-09T17:01:35.723+0800][0.643s] Narrow klass base: 0x0000000800000000, Narrow klass shift: 0, Narrow klass range: 0x100000000
[2024-04-09T17:01:36.776+0800][1.696s] GC(0) Pause Young (Normal) (G1 Evacuation Pause)
[2024-04-09T17:01:36.776+0800][1.696s] GC(0) Using 4 workers of 4 for evacuation
[2024-04-09T17:01:36.781+0800][1.701s] GC(0)   Pre Evacuate Collection Set: 0.1ms
[2024-04-09T17:01:36.781+0800][1.701s] GC(0)   Merge Heap Roots: 0.2ms
[2024-04-09T17:01:36.781+0800][1.701s] GC(0)   Evacuate Collection Set: 3.6ms
[2024-04-09T17:01:36.781+0800][1.701s] GC(0)   Post Evacuate Collection Set: 0.5ms
[2024-04-09T17:01:36.781+0800][1.701s] GC(0)   Other: 0.6ms
[2024-04-09T17:01:36.781+0800][1.701s] GC(0) Eden regions: 25->0(40)
[2024-04-09T17:01:36.781+0800][1.701s] GC(0) Survivor regions: 0->3(4)
[2024-04-09T17:01:36.781+0800][1.701s] GC(0) Old regions: 0->0
[2024-04-09T17:01:36.781+0800][1.701s] GC(0) Archive regions: 2->2
[2024-04-09T17:01:36.781+0800][1.701s] GC(0) Humongous regions: 0->0
[2024-04-09T17:01:36.781+0800][1.701s] GC(0) Metaspace: 6190K(6400K)->6190K(6400K) NonClass: 5455K(5568K)->5455K(5568K) Class: 735K(832K)->735K(832K)
[2024-04-09T17:01:36.781+0800][1.701s] GC(0) Pause Young (Normal) (G1 Evacuation Pause) 25M->3M(512M) 5.138ms
[2024-04-09T17:01:36.781+0800][1.701s] GC(0) User=0.02s Sys=0.00s Real=0.01s
[2024-04-09T17:01:38.192+0800][3.112s] GC(1) Pause Young (Normal) (G1 Evacuation Pause)
[2024-04-09T17:01:38.192+0800][3.112s] GC(1) Using 4 workers of 4 for evacuation
[2024-04-09T17:01:38.218+0800][3.138s] GC(1)   Pre Evacuate Collection Set: 0.1ms
[2024-04-09T17:01:38.218+0800][3.138s] GC(1)   Merge Heap Roots: 0.1ms
[2024-04-09T17:01:38.218+0800][3.138s] GC(1)   Evacuate Collection Set: 24.7ms
[2024-04-09T17:01:38.218+0800][3.138s] GC(1)   Post Evacuate Collection Set: 0.7ms
[2024-04-09T17:01:38.218+0800][3.138s] GC(1)   Other: 0.2ms
[2024-04-09T17:01:38.218+0800][3.138s] GC(1) Eden regions: 38->0(75)
[2024-04-09T17:01:38.218+0800][3.138s] GC(1) Survivor regions: 3->6(6)
[2024-04-09T17:01:38.218+0800][3.138s] GC(1) Old regions: 0->8
[2024-04-09T17:01:38.218+0800][3.138s] GC(1) Archive regions: 2->2
[2024-04-09T17:01:38.218+0800][3.138s] GC(1) Humongous regions: 4->4
[2024-04-09T17:01:38.218+0800][3.138s] GC(1) Metaspace: 17549K(17856K)->17549K(17856K) NonClass: 15448K(15616K)->15448K(15616K) Class: 2100K(2240K)->2100K(2240K)
[2024-04-09T17:01:38.218+0800][3.138s] GC(1) Pause Young (Normal) (G1 Evacuation Pause) 45M->18M(512M) 25.976ms
[2024-04-09T17:01:38.218+0800][3.138s] GC(1) User=0.06s Sys=0.01s Real=0.02s
[2024-04-09T17:01:39.139+0800][4.059s] GC(2) Pause Young (Concurrent Start) (Metadata GC Threshold)
[2024-04-09T17:01:39.139+0800][4.059s] GC(2) Using 4 workers of 4 for evacuation
[2024-04-09T17:01:39.150+0800][4.070s] GC(2)   Pre Evacuate Collection Set: 0.1ms
[2024-04-09T17:01:39.150+0800][4.070s] GC(2)   Merge Heap Roots: 0.0ms
[2024-04-09T17:01:39.150+0800][4.070s] GC(2)   Evacuate Collection Set: 9.8ms
[2024-04-09T17:01:39.150+0800][4.070s] GC(2)   Post Evacuate Collection Set: 0.8ms
[2024-04-09T17:01:39.151+0800][4.070s] GC(2)   Other: 0.3ms
[2024-04-09T17:01:39.151+0800][4.070s] GC(2) Eden regions: 50->0(69)
[2024-04-09T17:01:39.151+0800][4.070s] GC(2) Survivor regions: 6->9(9)
[2024-04-09T17:01:39.151+0800][4.070s] GC(2) Old regions: 8->10
[2024-04-09T17:01:39.151+0800][4.070s] GC(2) Archive regions: 2->2
[2024-04-09T17:01:39.151+0800][4.070s] GC(2) Humongous regions: 4->4
[2024-04-09T17:01:39.151+0800][4.070s] GC(2) Metaspace: 21216K(21504K)->21216K(21504K) NonClass: 18661K(18816K)->18661K(18816K) Class: 2554K(2688K)->2554K(2688K)
[2024-04-09T17:01:39.151+0800][4.070s] GC(2) Pause Young (Concurrent Start) (Metadata GC Threshold) 68M->23M(512M) 11.186ms
[2024-04-09T17:01:39.151+0800][4.070s] GC(2) User=0.03s Sys=0.00s Real=0.02s
[2024-04-09T17:01:39.151+0800][4.070s] GC(3) Concurrent Mark Cycle
[2024-04-09T17:01:39.151+0800][4.071s] GC(3) Concurrent Clear Claimed Marks
[2024-04-09T17:01:39.151+0800][4.071s] GC(3) Concurrent Clear Claimed Marks 0.049ms
[2024-04-09T17:01:39.151+0800][4.071s] GC(3) Concurrent Scan Root Regions
[2024-04-09T17:01:39.158+0800][4.078s] GC(3) Concurrent Scan Root Regions 7.243ms
[2024-04-09T17:01:39.158+0800][4.078s] GC(3) Concurrent Mark
[2024-04-09T17:01:39.158+0800][4.078s] GC(3) Concurrent Mark From Roots
[2024-04-09T17:01:39.158+0800][4.078s] GC(3) Using 1 workers of 1 for marking
[2024-04-09T17:01:39.184+0800][4.103s] GC(3) Concurrent Mark From Roots 25.440ms
[2024-04-09T17:01:39.184+0800][4.104s] GC(3) Concurrent Preclean
[2024-04-09T17:01:39.184+0800][4.104s] GC(3) Concurrent Preclean 0.050ms
[2024-04-09T17:01:39.186+0800][4.106s] GC(3) Pause Remark
[2024-04-09T17:01:39.188+0800][4.108s] GC(3) Pause Remark 25M->25M(512M) 2.016ms
[2024-04-09T17:01:39.188+0800][4.108s] GC(3) User=0.01s Sys=0.00s Real=0.00s
[2024-04-09T17:01:39.188+0800][4.108s] GC(3) Concurrent Mark 30.158ms
[2024-04-09T17:01:39.188+0800][4.108s] GC(3) Concurrent Rebuild Remembered Sets
[2024-04-09T17:01:39.205+0800][4.125s] GC(3) Concurrent Rebuild Remembered Sets 16.833ms
[2024-04-09T17:01:39.206+0800][4.125s] GC(3) Pause Cleanup
[2024-04-09T17:01:39.206+0800][4.126s] GC(3) Pause Cleanup 26M->26M(512M) 0.121ms
[2024-04-09T17:01:39.206+0800][4.126s] GC(3) User=0.00s Sys=0.00s Real=0.00s
[2024-04-09T17:01:39.206+0800][4.126s] GC(3) Concurrent Cleanup for Next Mark
[2024-04-09T17:01:39.208+0800][4.127s] GC(3) Concurrent Cleanup for Next Mark 1.796ms
[2024-04-09T17:01:39.208+0800][4.128s] GC(3) Concurrent Mark Cycle 57.124ms
[2024-04-09T17:01:41.309+0800][6.229s] GC(4) Pause Young (Normal) (G1 Evacuation Pause)
[2024-04-09T17:01:41.309+0800][6.229s] GC(4) Using 4 workers of 4 for evacuation
[2024-04-09T17:01:41.321+0800][6.241s] GC(4)   Pre Evacuate Collection Set: 0.1ms
[2024-04-09T17:01:41.321+0800][6.241s] GC(4)   Merge Heap Roots: 0.1ms
[2024-04-09T17:01:41.321+0800][6.241s] GC(4)   Evacuate Collection Set: 10.9ms
[2024-04-09T17:01:41.321+0800][6.241s] GC(4)   Post Evacuate Collection Set: 0.8ms
[2024-04-09T17:01:41.321+0800][6.241s] GC(4)   Other: 0.2ms
[2024-04-09T17:01:41.321+0800][6.241s] GC(4) Eden regions: 72->0(268)
[2024-04-09T17:01:41.321+0800][6.241s] GC(4) Survivor regions: 9->10(11)
[2024-04-09T17:01:41.321+0800][6.241s] GC(4) Old regions: 10->14
[2024-04-09T17:01:41.321+0800][6.241s] GC(4) Archive regions: 2->2
[2024-04-09T17:01:41.321+0800][6.241s] GC(4) Humongous regions: 4->4
[2024-04-09T17:01:41.321+0800][6.241s] GC(4) Metaspace: 33980K(34368K)->33980K(34368K) NonClass: 29853K(30080K)->29853K(30080K) Class: 4127K(4288K)->4127K(4288K)
[2024-04-09T17:01:41.321+0800][6.241s] GC(4) Pause Young (Normal) (G1 Evacuation Pause) 95M->28M(512M) 12.079ms
[2024-04-09T17:01:41.321+0800][6.241s] GC(4) User=0.05s Sys=0.00s Real=0.02s
[2024-04-09T17:01:41.675+0800][6.595s] GC(5) Pause Young (Concurrent Start) (Metadata GC Threshold)
[2024-04-09T17:01:41.675+0800][6.595s] GC(5) Using 4 workers of 4 for evacuation
[2024-04-09T17:01:41.684+0800][6.604s] GC(5)   Pre Evacuate Collection Set: 0.1ms
[2024-04-09T17:01:41.684+0800][6.604s] GC(5)   Merge Heap Roots: 0.0ms
[2024-04-09T17:01:41.684+0800][6.604s] GC(5)   Evacuate Collection Set: 8.1ms
[2024-04-09T17:01:41.684+0800][6.604s] GC(5)   Post Evacuate Collection Set: 0.6ms
[2024-04-09T17:01:41.684+0800][6.604s] GC(5)   Other: 0.2ms
[2024-04-09T17:01:41.684+0800][6.604s] GC(5) Eden regions: 18->0(274)
[2024-04-09T17:01:41.684+0800][6.604s] GC(5) Survivor regions: 10->11(35)
[2024-04-09T17:01:41.684+0800][6.604s] GC(5) Old regions: 14->14
[2024-04-09T17:01:41.684+0800][6.604s] GC(5) Archive regions: 2->2
[2024-04-09T17:01:41.684+0800][6.604s] GC(5) Humongous regions: 4->4
[2024-04-09T17:01:41.684+0800][6.604s] GC(5) Metaspace: 36000K(36416K)->36000K(36416K) NonClass: 31584K(31744K)->31584K(31744K) Class: 4416K(4672K)->4416K(4672K)
[2024-04-09T17:01:41.684+0800][6.604s] GC(5) Pause Young (Concurrent Start) (Metadata GC Threshold) 45M->29M(512M) 9.136ms
[2024-04-09T17:01:41.684+0800][6.604s] GC(5) User=0.03s Sys=0.00s Real=0.01s
[2024-04-09T17:01:41.684+0800][6.604s] GC(6) Concurrent Mark Cycle
[2024-04-09T17:01:41.684+0800][6.604s] GC(6) Concurrent Clear Claimed Marks
[2024-04-09T17:01:41.684+0800][6.604s] GC(6) Concurrent Clear Claimed Marks 0.036ms
[2024-04-09T17:01:41.684+0800][6.604s] GC(6) Concurrent Scan Root Regions
[2024-04-09T17:01:41.691+0800][6.611s] GC(6) Concurrent Scan Root Regions 6.884ms
[2024-04-09T17:01:41.691+0800][6.611s] GC(6) Concurrent Mark
[2024-04-09T17:01:41.691+0800][6.611s] GC(6) Concurrent Mark From Roots
[2024-04-09T17:01:41.691+0800][6.611s] GC(6) Using 1 workers of 1 for marking
[2024-04-09T17:01:41.736+0800][6.656s] GC(6) Concurrent Mark From Roots 44.335ms
[2024-04-09T17:01:41.736+0800][6.656s] GC(6) Concurrent Preclean
[2024-04-09T17:01:41.736+0800][6.656s] GC(6) Concurrent Preclean 0.097ms
[2024-04-09T17:01:41.736+0800][6.656s] GC(6) Pause Remark
[2024-04-09T17:01:41.739+0800][6.659s] GC(6) Pause Remark 32M->32M(512M) 2.575ms
[2024-04-09T17:01:41.739+0800][6.659s] GC(6) User=0.01s Sys=0.00s Real=0.00s
[2024-04-09T17:01:41.739+0800][6.659s] GC(6) Concurrent Mark 47.483ms
[2024-04-09T17:01:41.739+0800][6.659s] GC(6) Concurrent Rebuild Remembered Sets
[2024-04-09T17:01:41.764+0800][6.684s] GC(6) Concurrent Rebuild Remembered Sets 25.431ms
[2024-04-09T17:01:41.770+0800][6.690s] GC(6) Pause Cleanup
[2024-04-09T17:01:41.770+0800][6.690s] GC(6) Pause Cleanup 34M->34M(512M) 0.230ms
[2024-04-09T17:01:41.770+0800][6.690s] GC(6) User=0.00s Sys=0.00s Real=0.00s
[2024-04-09T17:01:41.776+0800][6.695s] GC(6) Concurrent Cleanup for Next Mark
[2024-04-09T17:01:41.777+0800][6.697s] GC(6) Concurrent Cleanup for Next Mark 1.496ms
[2024-04-09T17:01:41.777+0800][6.697s] GC(6) Concurrent Mark Cycle 92.841ms
[2024-04-09T17:04:31.547+0800][176.469s] GC(7) Pause Young (Prepare Mixed) (G1 Evacuation Pause)
[2024-04-09T17:04:31.547+0800][176.469s] GC(7) Using 4 workers of 4 for evacuation
[2024-04-09T17:04:31.591+0800][176.512s] GC(7)   Pre Evacuate Collection Set: 0.1ms
[2024-04-09T17:04:31.591+0800][176.513s] GC(7)   Merge Heap Roots: 0.1ms
[2024-04-09T17:04:31.591+0800][176.513s] GC(7)   Evacuate Collection Set: 40.1ms
[2024-04-09T17:04:31.591+0800][176.513s] GC(7)   Post Evacuate Collection Set: 3.2ms
[2024-04-09T17:04:31.591+0800][176.513s] GC(7)   Other: 0.5ms
[2024-04-09T17:04:31.591+0800][176.513s] GC(7) Eden regions: 296->0(1)
[2024-04-09T17:04:31.591+0800][176.513s] GC(7) Survivor regions: 11->33(39)
[2024-04-09T17:04:31.591+0800][176.513s] GC(7) Old regions: 14->14
[2024-04-09T17:04:31.591+0800][176.513s] GC(7) Archive regions: 2->2
[2024-04-09T17:04:31.591+0800][176.513s] GC(7) Humongous regions: 4->4
[2024-04-09T17:04:31.591+0800][176.513s] GC(7) Metaspace: 56725K(57216K)->56725K(57216K) NonClass: 49590K(49856K)->49590K(49856K) Class: 7134K(7360K)->7134K(7360K)
[2024-04-09T17:04:31.591+0800][176.513s] GC(7) Pause Young (Prepare Mixed) (G1 Evacuation Pause) 325M->51M(512M) 44.402ms
[2024-04-09T17:04:31.591+0800][176.513s] GC(7) User=0.10s Sys=0.03s Real=0.05s
[2024-04-09T17:04:31.663+0800][176.585s] GC(8) Pause Young (Mixed) (G1 Evacuation Pause)
[2024-04-09T17:04:31.663+0800][176.585s] GC(8) Using 4 workers of 4 for evacuation
[2024-04-09T17:04:31.699+0800][176.621s] GC(8)   Pre Evacuate Collection Set: 0.1ms
[2024-04-09T17:04:31.699+0800][176.621s] GC(8)   Merge Heap Roots: 0.0ms
[2024-04-09T17:04:31.699+0800][176.621s] GC(8)   Evacuate Collection Set: 34.1ms
[2024-04-09T17:04:31.699+0800][176.621s] GC(8)   Post Evacuate Collection Set: 1.8ms
[2024-04-09T17:04:31.699+0800][176.621s] GC(8)   Other: 0.1ms
[2024-04-09T17:04:31.699+0800][176.621s] GC(8) Eden regions: 1->0(305)
[2024-04-09T17:04:31.699+0800][176.621s] GC(8) Survivor regions: 33->2(5)
[2024-04-09T17:04:31.699+0800][176.621s] GC(8) Old regions: 14->45
[2024-04-09T17:04:31.699+0800][176.621s] GC(8) Archive regions: 2->2
[2024-04-09T17:04:31.699+0800][176.621s] GC(8) Humongous regions: 4->4
[2024-04-09T17:04:31.699+0800][176.621s] GC(8) Metaspace: 56829K(57344K)->56829K(57344K) NonClass: 49683K(49920K)->49683K(49920K) Class: 7146K(7424K)->7146K(7424K)
[2024-04-09T17:04:31.700+0800][176.621s] GC(8) Pause Young (Mixed) (G1 Evacuation Pause) 52M->51M(512M) 36.307ms
[2024-04-09T17:04:31.700+0800][176.621s] GC(8) User=0.11s Sys=0.03s Real=0.04s
[2024-04-10T15:40:23.603+0800][4475.584s] Heap
[2024-04-10T15:40:23.604+0800][4475.584s]  garbage-first heap   total 524288K, used 145765K [0x00000007e0000000, 0x0000000800000000)
[2024-04-10T15:40:23.604+0800][4475.584s]   region size 1024K, 93 young (95232K), 2 survivors (2048K)
[2024-04-10T15:40:23.604+0800][4475.584s]  Metaspace       used 59567K, committed 60096K, reserved 1105920K
[2024-04-10T15:40:23.604+0800][4475.584s]   class space    used 7422K, committed 7680K, reserved 1048576K
