[2024-04-05T13:49:56.958+0800][0.011s] Using G1
[2024-04-05T13:49:57.222+0800][0.275s] Version: 17.0.1+12-LTS-39 (release)
[2024-04-05T13:49:57.222+0800][0.275s] CPUs: 4 total, 4 available
[2024-04-05T13:49:57.222+0800][0.275s] Memory: 8192M
[2024-04-05T13:49:57.222+0800][0.275s] Large Page Support: Disabled
[2024-04-05T13:49:57.222+0800][0.275s] NUMA Support: Disabled
[2024-04-05T13:49:57.222+0800][0.275s] Compressed Oops: Enabled (Zero based)
[2024-04-05T13:49:57.222+0800][0.275s] Heap Region Size: 1M
[2024-04-05T13:49:57.222+0800][0.275s] Heap Min Capacity: 512M
[2024-04-05T13:49:57.222+0800][0.275s] Heap Initial Capacity: 512M
[2024-04-05T13:49:57.222+0800][0.275s] Heap Max Capacity: 512M
[2024-04-05T13:49:57.222+0800][0.275s] Pre-touch: Enabled
[2024-04-05T13:49:57.222+0800][0.275s] Parallel Workers: 4
[2024-04-05T13:49:57.222+0800][0.276s] Concurrent Workers: 1
[2024-04-05T13:49:57.222+0800][0.276s] Concurrent Refinement Workers: 4
[2024-04-05T13:49:57.223+0800][0.276s] Periodic GC: Disabled
[2024-04-05T13:49:57.223+0800][0.276s] CDS archive(s) mapped at: [0x0000000800000000-0x0000000800bd4000-0x0000000800bd4000), size 12402688, SharedBaseAddress: 0x0000000800000000, ArchiveRelocationMode: 0.
[2024-04-05T13:49:57.223+0800][0.276s] Compressed class space mapped at: 0x0000000800c00000-0x0000000840c00000, reserved size: 1073741824
[2024-04-05T13:49:57.223+0800][0.276s] Narrow klass base: 0x0000000800000000, Narrow klass shift: 0, Narrow klass range: 0x100000000
[2024-04-05T13:49:58.294+0800][1.347s] GC(0) Pause Young (Normal) (G1 Evacuation Pause)
[2024-04-05T13:49:58.294+0800][1.347s] GC(0) Using 4 workers of 4 for evacuation
[2024-04-05T13:49:58.299+0800][1.352s] GC(0)   Pre Evacuate Collection Set: 0.1ms
[2024-04-05T13:49:58.299+0800][1.352s] GC(0)   Merge Heap Roots: 0.2ms
[2024-04-05T13:49:58.299+0800][1.352s] GC(0)   Evacuate Collection Set: 3.9ms
[2024-04-05T13:49:58.299+0800][1.352s] GC(0)   Post Evacuate Collection Set: 0.6ms
[2024-04-05T13:49:58.299+0800][1.353s] GC(0)   Other: 0.7ms
[2024-04-05T13:49:58.299+0800][1.353s] GC(0) Eden regions: 25->0(41)
[2024-04-05T13:49:58.300+0800][1.353s] GC(0) Survivor regions: 0->3(4)
[2024-04-05T13:49:58.300+0800][1.353s] GC(0) Old regions: 0->0
[2024-04-05T13:49:58.300+0800][1.353s] GC(0) Archive regions: 2->2
[2024-04-05T13:49:58.300+0800][1.353s] GC(0) Humongous regions: 0->0
[2024-04-05T13:49:58.300+0800][1.353s] GC(0) Metaspace: 6177K(6336K)->6177K(6336K) NonClass: 5442K(5504K)->5442K(5504K) Class: 735K(832K)->735K(832K)
[2024-04-05T13:49:58.300+0800][1.353s] GC(0) Pause Young (Normal) (G1 Evacuation Pause) 25M->3M(512M) 5.938ms
[2024-04-05T13:49:58.300+0800][1.353s] GC(0) User=0.02s Sys=0.01s Real=0.01s
[2024-04-05T13:49:59.509+0800][2.562s] GC(1) Pause Young (Normal) (G1 Evacuation Pause)
[2024-04-05T13:49:59.509+0800][2.562s] GC(1) Using 4 workers of 4 for evacuation
[2024-04-05T13:49:59.526+0800][2.579s] GC(1)   Pre Evacuate Collection Set: 0.1ms
[2024-04-05T13:49:59.526+0800][2.579s] GC(1)   Merge Heap Roots: 0.0ms
[2024-04-05T13:49:59.526+0800][2.579s] GC(1)   Evacuate Collection Set: 16.3ms
[2024-04-05T13:49:59.526+0800][2.579s] GC(1)   Post Evacuate Collection Set: 0.8ms
[2024-04-05T13:49:59.526+0800][2.579s] GC(1)   Other: 0.2ms
[2024-04-05T13:49:59.526+0800][2.579s] GC(1) Eden regions: 38->0(83)
[2024-04-05T13:49:59.526+0800][2.580s] GC(1) Survivor regions: 3->6(6)
[2024-04-05T13:49:59.526+0800][2.580s] GC(1) Old regions: 0->8
[2024-04-05T13:49:59.526+0800][2.580s] GC(1) Archive regions: 2->2
[2024-04-05T13:49:59.526+0800][2.580s] GC(1) Humongous regions: 4->4
[2024-04-05T13:49:59.526+0800][2.580s] GC(1) Metaspace: 17536K(17856K)->17536K(17856K) NonClass: 15436K(15616K)->15436K(15616K) Class: 2099K(2240K)->2099K(2240K)
[2024-04-05T13:49:59.526+0800][2.580s] GC(1) Pause Young (Normal) (G1 Evacuation Pause) 45M->18M(512M) 17.577ms
[2024-04-05T13:49:59.527+0800][2.580s] GC(1) User=0.06s Sys=0.01s Real=0.02s
[2024-04-05T13:50:00.465+0800][3.518s] GC(2) Pause Young (Concurrent Start) (Metadata GC Threshold)
[2024-04-05T13:50:00.465+0800][3.518s] GC(2) Using 4 workers of 4 for evacuation
[2024-04-05T13:50:00.475+0800][3.528s] GC(2)   Pre Evacuate Collection Set: 0.1ms
[2024-04-05T13:50:00.475+0800][3.528s] GC(2)   Merge Heap Roots: 0.1ms
[2024-04-05T13:50:00.475+0800][3.528s] GC(2)   Evacuate Collection Set: 8.8ms
[2024-04-05T13:50:00.475+0800][3.528s] GC(2)   Post Evacuate Collection Set: 0.8ms
[2024-04-05T13:50:00.475+0800][3.528s] GC(2)   Other: 0.4ms
[2024-04-05T13:50:00.475+0800][3.528s] GC(2) Eden regions: 50->0(70)
[2024-04-05T13:50:00.475+0800][3.528s] GC(2) Survivor regions: 6->10(10)
[2024-04-05T13:50:00.475+0800][3.528s] GC(2) Old regions: 8->10
[2024-04-05T13:50:00.475+0800][3.528s] GC(2) Archive regions: 2->2
[2024-04-05T13:50:00.475+0800][3.528s] GC(2) Humongous regions: 4->4
[2024-04-05T13:50:00.475+0800][3.528s] GC(2) Metaspace: 21243K(21504K)->21243K(21504K) NonClass: 18688K(18816K)->18688K(18816K) Class: 2555K(2688K)->2555K(2688K)
[2024-04-05T13:50:00.475+0800][3.528s] GC(2) Pause Young (Concurrent Start) (Metadata GC Threshold) 68M->24M(512M) 10.281ms
[2024-04-05T13:50:00.475+0800][3.528s] GC(2) User=0.03s Sys=0.01s Real=0.01s
[2024-04-05T13:50:00.475+0800][3.528s] GC(3) Concurrent Mark Cycle
[2024-04-05T13:50:00.475+0800][3.528s] GC(3) Concurrent Clear Claimed Marks
[2024-04-05T13:50:00.475+0800][3.528s] GC(3) Concurrent Clear Claimed Marks 0.039ms
[2024-04-05T13:50:00.475+0800][3.528s] GC(3) Concurrent Scan Root Regions
[2024-04-05T13:50:00.482+0800][3.535s] GC(3) Concurrent Scan Root Regions 6.722ms
[2024-04-05T13:50:00.482+0800][3.535s] GC(3) Concurrent Mark
[2024-04-05T13:50:00.482+0800][3.535s] GC(3) Concurrent Mark From Roots
[2024-04-05T13:50:00.482+0800][3.535s] GC(3) Using 1 workers of 1 for marking
[2024-04-05T13:50:00.505+0800][3.559s] GC(3) Concurrent Mark From Roots 23.371ms
[2024-04-05T13:50:00.506+0800][3.559s] GC(3) Concurrent Preclean
[2024-04-05T13:50:00.506+0800][3.559s] GC(3) Concurrent Preclean 0.035ms
[2024-04-05T13:50:00.506+0800][3.559s] GC(3) Pause Remark
[2024-04-05T13:50:00.509+0800][3.562s] GC(3) Pause Remark 25M->25M(512M) 2.834ms
[2024-04-05T13:50:00.509+0800][3.562s] GC(3) User=0.00s Sys=0.00s Real=0.00s
[2024-04-05T13:50:00.509+0800][3.562s] GC(3) Concurrent Mark 26.771ms
[2024-04-05T13:50:00.509+0800][3.562s] GC(3) Concurrent Rebuild Remembered Sets
[2024-04-05T13:50:00.523+0800][3.576s] GC(3) Concurrent Rebuild Remembered Sets 14.238ms
[2024-04-05T13:50:00.523+0800][3.577s] GC(3) Pause Cleanup
[2024-04-05T13:50:00.524+0800][3.577s] GC(3) Pause Cleanup 26M->26M(512M) 0.136ms
[2024-04-05T13:50:00.524+0800][3.577s] GC(3) User=0.00s Sys=0.00s Real=0.00s
[2024-04-05T13:50:00.524+0800][3.577s] GC(3) Concurrent Cleanup for Next Mark
[2024-04-05T13:50:00.525+0800][3.579s] GC(3) Concurrent Cleanup for Next Mark 1.802ms
[2024-04-05T13:50:00.526+0800][3.579s] GC(3) Concurrent Mark Cycle 50.390ms
[2024-04-05T13:50:02.899+0800][5.952s] GC(4) Pause Young (Normal) (G1 Evacuation Pause)
[2024-04-05T13:50:02.899+0800][5.952s] GC(4) Using 4 workers of 4 for evacuation
[2024-04-05T13:50:02.911+0800][5.964s] GC(4)   Pre Evacuate Collection Set: 0.1ms
[2024-04-05T13:50:02.911+0800][5.964s] GC(4)   Merge Heap Roots: 0.1ms
[2024-04-05T13:50:02.911+0800][5.964s] GC(4)   Evacuate Collection Set: 11.0ms
[2024-04-05T13:50:02.911+0800][5.964s] GC(4)   Post Evacuate Collection Set: 0.7ms
[2024-04-05T13:50:02.911+0800][5.964s] GC(4)   Other: 0.2ms
[2024-04-05T13:50:02.911+0800][5.964s] GC(4) Eden regions: 77->0(238)
[2024-04-05T13:50:02.911+0800][5.964s] GC(4) Survivor regions: 10->10(11)
[2024-04-05T13:50:02.911+0800][5.964s] GC(4) Old regions: 10->14
[2024-04-05T13:50:02.911+0800][5.964s] GC(4) Archive regions: 2->2
[2024-04-05T13:50:02.911+0800][5.964s] GC(4) Humongous regions: 4->4
[2024-04-05T13:50:02.911+0800][5.964s] GC(4) Metaspace: 34673K(35008K)->34673K(35008K) NonClass: 30442K(30592K)->30442K(30592K) Class: 4231K(4416K)->4231K(4416K)
[2024-04-05T13:50:02.911+0800][5.964s] GC(4) Pause Young (Normal) (G1 Evacuation Pause) 101M->28M(512M) 12.159ms
[2024-04-05T13:50:02.911+0800][5.964s] GC(4) User=0.04s Sys=0.00s Real=0.02s
[2024-04-05T13:50:03.147+0800][6.200s] GC(5) Pause Young (Concurrent Start) (Metadata GC Threshold)
[2024-04-05T13:50:03.147+0800][6.200s] GC(5) Using 4 workers of 4 for evacuation
[2024-04-05T13:50:03.156+0800][6.210s] GC(5)   Pre Evacuate Collection Set: 0.5ms
[2024-04-05T13:50:03.156+0800][6.210s] GC(5)   Merge Heap Roots: 0.0ms
[2024-04-05T13:50:03.156+0800][6.210s] GC(5)   Evacuate Collection Set: 8.2ms
[2024-04-05T13:50:03.156+0800][6.210s] GC(5)   Post Evacuate Collection Set: 0.6ms
[2024-04-05T13:50:03.156+0800][6.210s] GC(5)   Other: 0.3ms
[2024-04-05T13:50:03.157+0800][6.210s] GC(5) Eden regions: 12->0(295)
[2024-04-05T13:50:03.157+0800][6.210s] GC(5) Survivor regions: 10->12(31)
[2024-04-05T13:50:03.157+0800][6.210s] GC(5) Old regions: 14->14
[2024-04-05T13:50:03.157+0800][6.210s] GC(5) Archive regions: 2->2
[2024-04-05T13:50:03.157+0800][6.210s] GC(5) Humongous regions: 4->4
[2024-04-05T13:50:03.157+0800][6.210s] GC(5) Metaspace: 35773K(36160K)->35773K(36160K) NonClass: 31379K(31552K)->31379K(31552K) Class: 4394K(4608K)->4394K(4608K)
[2024-04-05T13:50:03.157+0800][6.210s] GC(5) Pause Young (Concurrent Start) (Metadata GC Threshold) 40M->30M(512M) 9.781ms
[2024-04-05T13:50:03.157+0800][6.210s] GC(5) User=0.04s Sys=0.00s Real=0.01s
[2024-04-05T13:50:03.157+0800][6.210s] GC(6) Concurrent Mark Cycle
[2024-04-05T13:50:03.157+0800][6.210s] GC(6) Concurrent Clear Claimed Marks
[2024-04-05T13:50:03.157+0800][6.210s] GC(6) Concurrent Clear Claimed Marks 0.033ms
[2024-04-05T13:50:03.157+0800][6.210s] GC(6) Concurrent Scan Root Regions
[2024-04-05T13:50:03.167+0800][6.221s] GC(6) Concurrent Scan Root Regions 10.744ms
[2024-04-05T13:50:03.168+0800][6.221s] GC(6) Concurrent Mark
[2024-04-05T13:50:03.168+0800][6.221s] GC(6) Concurrent Mark From Roots
[2024-04-05T13:50:03.168+0800][6.221s] GC(6) Using 1 workers of 1 for marking
[2024-04-05T13:50:03.215+0800][6.268s] GC(6) Concurrent Mark From Roots 47.149ms
[2024-04-05T13:50:03.215+0800][6.268s] GC(6) Concurrent Preclean
[2024-04-05T13:50:03.215+0800][6.268s] GC(6) Concurrent Preclean 0.085ms
[2024-04-05T13:50:03.215+0800][6.268s] GC(6) Pause Remark
[2024-04-05T13:50:03.218+0800][6.271s] GC(6) Pause Remark 34M->34M(512M) 2.994ms
[2024-04-05T13:50:03.218+0800][6.271s] GC(6) User=0.01s Sys=0.00s Real=0.00s
[2024-04-05T13:50:03.218+0800][6.271s] GC(6) Concurrent Mark 50.634ms
[2024-04-05T13:50:03.218+0800][6.271s] GC(6) Concurrent Rebuild Remembered Sets
[2024-04-05T13:50:03.245+0800][6.298s] GC(6) Concurrent Rebuild Remembered Sets 26.501ms
[2024-04-05T13:50:03.245+0800][6.298s] GC(6) Pause Cleanup
[2024-04-05T13:50:03.245+0800][6.298s] GC(6) Pause Cleanup 35M->35M(512M) 0.105ms
[2024-04-05T13:50:03.245+0800][6.298s] GC(6) User=0.00s Sys=0.00s Real=0.00s
[2024-04-05T13:50:03.245+0800][6.298s] GC(6) Concurrent Cleanup for Next Mark
[2024-04-05T13:50:03.247+0800][6.300s] GC(6) Concurrent Cleanup for Next Mark 2.120ms
[2024-04-05T13:50:03.248+0800][6.301s] GC(6) Concurrent Mark Cycle 90.930ms
[2024-04-08T20:27:40.839+0800][26922.579s] Heap
[2024-04-08T20:27:40.840+0800][26922.580s]  garbage-first heap   total 524288K, used 212600K [0x00000007e0000000, 0x0000000800000000)
[2024-04-08T20:27:40.840+0800][26922.580s]   region size 1024K, 190 young (194560K), 12 survivors (12288K)
[2024-04-08T20:27:40.840+0800][26922.580s]  Metaspace       used 56737K, committed 57280K, reserved 1105920K
[2024-04-08T20:27:40.840+0800][26922.580s]   class space    used 7217K, committed 7488K, reserved 1048576K
