[2024-04-13T15:32:26.459+0800][0.015s] Using G1
[2024-04-13T15:32:27.131+0800][0.688s] Version: 17.0.1+12-LTS-39 (release)
[2024-04-13T15:32:27.131+0800][0.688s] CPUs: 4 total, 4 available
[2024-04-13T15:32:27.131+0800][0.688s] Memory: 8192M
[2024-04-13T15:32:27.131+0800][0.688s] Large Page Support: Disabled
[2024-04-13T15:32:27.131+0800][0.688s] NUMA Support: Disabled
[2024-04-13T15:32:27.131+0800][0.688s] Compressed Oops: Enabled (Zero based)
[2024-04-13T15:32:27.131+0800][0.688s] Heap Region Size: 1M
[2024-04-13T15:32:27.131+0800][0.688s] Heap Min Capacity: 512M
[2024-04-13T15:32:27.131+0800][0.688s] Heap Initial Capacity: 512M
[2024-04-13T15:32:27.131+0800][0.688s] Heap Max Capacity: 512M
[2024-04-13T15:32:27.131+0800][0.688s] Pre-touch: Enabled
[2024-04-13T15:32:27.131+0800][0.688s] Parallel Workers: 4
[2024-04-13T15:32:27.131+0800][0.688s] Concurrent Workers: 1
[2024-04-13T15:32:27.131+0800][0.688s] Concurrent Refinement Workers: 4
[2024-04-13T15:32:27.132+0800][0.688s] Periodic GC: Disabled
[2024-04-13T15:32:27.132+0800][0.689s] CDS archive(s) mapped at: [0x0000000800000000-0x0000000800bd4000-0x0000000800bd4000), size 12402688, SharedBaseAddress: 0x0000000800000000, ArchiveRelocationMode: 0.
[2024-04-13T15:32:27.132+0800][0.689s] Compressed class space mapped at: 0x0000000800c00000-0x0000000840c00000, reserved size: 1073741824
[2024-04-13T15:32:27.132+0800][0.689s] Narrow klass base: 0x0000000800000000, Narrow klass shift: 0, Narrow klass range: 0x100000000
[2024-04-13T15:32:28.697+0800][2.254s] GC(0) Pause Young (Normal) (G1 Evacuation Pause)
[2024-04-13T15:32:28.697+0800][2.254s] GC(0) Using 4 workers of 4 for evacuation
[2024-04-13T15:32:28.706+0800][2.263s] GC(0)   Pre Evacuate Collection Set: 0.1ms
[2024-04-13T15:32:28.706+0800][2.263s] GC(0)   Merge Heap Roots: 0.7ms
[2024-04-13T15:32:28.706+0800][2.263s] GC(0)   Evacuate Collection Set: 4.4ms
[2024-04-13T15:32:28.706+0800][2.263s] GC(0)   Post Evacuate Collection Set: 0.7ms
[2024-04-13T15:32:28.707+0800][2.263s] GC(0)   Other: 2.9ms
[2024-04-13T15:32:28.707+0800][2.263s] GC(0) Eden regions: 25->0(40)
[2024-04-13T15:32:28.707+0800][2.263s] GC(0) Survivor regions: 0->3(4)
[2024-04-13T15:32:28.707+0800][2.263s] GC(0) Old regions: 0->0
[2024-04-13T15:32:28.707+0800][2.264s] GC(0) Archive regions: 2->2
[2024-04-13T15:32:28.707+0800][2.264s] GC(0) Humongous regions: 0->0
[2024-04-13T15:32:28.707+0800][2.264s] GC(0) Metaspace: 5990K(6144K)->5990K(6144K) NonClass: 5298K(5376K)->5298K(5376K) Class: 692K(768K)->692K(768K)
[2024-04-13T15:32:28.707+0800][2.264s] GC(0) Pause Young (Normal) (G1 Evacuation Pause) 25M->3M(512M) 9.630ms
[2024-04-13T15:32:28.707+0800][2.264s] GC(0) User=0.01s Sys=0.01s Real=0.01s
[2024-04-13T15:32:30.439+0800][3.996s] GC(1) Pause Young (Normal) (G1 Evacuation Pause)
[2024-04-13T15:32:30.439+0800][3.996s] GC(1) Using 4 workers of 4 for evacuation
[2024-04-13T15:32:30.461+0800][4.018s] GC(1)   Pre Evacuate Collection Set: 0.1ms
[2024-04-13T15:32:30.461+0800][4.018s] GC(1)   Merge Heap Roots: 0.0ms
[2024-04-13T15:32:30.461+0800][4.018s] GC(1)   Evacuate Collection Set: 21.2ms
[2024-04-13T15:32:30.462+0800][4.018s] GC(1)   Post Evacuate Collection Set: 0.7ms
[2024-04-13T15:32:30.462+0800][4.018s] GC(1)   Other: 0.2ms
[2024-04-13T15:32:30.462+0800][4.018s] GC(1) Eden regions: 37->0(90)
[2024-04-13T15:32:30.462+0800][4.018s] GC(1) Survivor regions: 3->5(5)
[2024-04-13T15:32:30.462+0800][4.018s] GC(1) Old regions: 0->8
[2024-04-13T15:32:30.462+0800][4.018s] GC(1) Archive regions: 2->2
[2024-04-13T15:32:30.462+0800][4.018s] GC(1) Humongous regions: 4->4
[2024-04-13T15:32:30.462+0800][4.018s] GC(1) Metaspace: 17348K(17728K)->17348K(17728K) NonClass: 15276K(15488K)->15276K(15488K) Class: 2071K(2240K)->2071K(2240K)
[2024-04-13T15:32:30.462+0800][4.019s] GC(1) Pause Young (Normal) (G1 Evacuation Pause) 44M->17M(512M) 22.373ms
[2024-04-13T15:32:30.462+0800][4.019s] GC(1) User=0.06s Sys=0.01s Real=0.03s
[2024-04-13T15:32:31.685+0800][5.242s] GC(2) Pause Young (Concurrent Start) (Metadata GC Threshold)
[2024-04-13T15:32:31.685+0800][5.242s] GC(2) Using 4 workers of 4 for evacuation
[2024-04-13T15:32:31.695+0800][5.252s] GC(2)   Pre Evacuate Collection Set: 0.1ms
[2024-04-13T15:32:31.696+0800][5.252s] GC(2)   Merge Heap Roots: 0.1ms
[2024-04-13T15:32:31.696+0800][5.252s] GC(2)   Evacuate Collection Set: 9.0ms
[2024-04-13T15:32:31.696+0800][5.252s] GC(2)   Post Evacuate Collection Set: 0.5ms
[2024-04-13T15:32:31.696+0800][5.252s] GC(2)   Other: 0.9ms
[2024-04-13T15:32:31.696+0800][5.252s] GC(2) Eden regions: 61->0(152)
[2024-04-13T15:32:31.696+0800][5.252s] GC(2) Survivor regions: 5->11(12)
[2024-04-13T15:32:31.696+0800][5.252s] GC(2) Old regions: 8->8
[2024-04-13T15:32:31.696+0800][5.252s] GC(2) Archive regions: 2->2
[2024-04-13T15:32:31.696+0800][5.252s] GC(2) Humongous regions: 4->4
[2024-04-13T15:32:31.696+0800][5.252s] GC(2) Metaspace: 21222K(21504K)->21222K(21504K) NonClass: 18670K(18816K)->18670K(18816K) Class: 2551K(2688K)->2551K(2688K)
[2024-04-13T15:32:31.696+0800][5.253s] GC(2) Pause Young (Concurrent Start) (Metadata GC Threshold) 78M->23M(512M) 10.729ms
[2024-04-13T15:32:31.696+0800][5.253s] GC(2) User=0.04s Sys=0.01s Real=0.01s
[2024-04-13T15:32:31.696+0800][5.253s] GC(3) Concurrent Mark Cycle
[2024-04-13T15:32:31.696+0800][5.253s] GC(3) Concurrent Clear Claimed Marks
[2024-04-13T15:32:31.696+0800][5.253s] GC(3) Concurrent Clear Claimed Marks 0.036ms
[2024-04-13T15:32:31.696+0800][5.253s] GC(3) Concurrent Scan Root Regions
[2024-04-13T15:32:31.704+0800][5.261s] GC(3) Concurrent Scan Root Regions 8.555ms
[2024-04-13T15:32:31.704+0800][5.261s] GC(3) Concurrent Mark
[2024-04-13T15:32:31.704+0800][5.261s] GC(3) Concurrent Mark From Roots
[2024-04-13T15:32:31.704+0800][5.261s] GC(3) Using 1 workers of 1 for marking
[2024-04-13T15:32:31.736+0800][5.293s] GC(3) Concurrent Mark From Roots 31.401ms
[2024-04-13T15:32:31.736+0800][5.293s] GC(3) Concurrent Preclean
[2024-04-13T15:32:31.736+0800][5.293s] GC(3) Concurrent Preclean 0.107ms
[2024-04-13T15:32:31.737+0800][5.294s] GC(3) Pause Remark
[2024-04-13T15:32:31.740+0800][5.297s] GC(3) Pause Remark 25M->25M(512M) 2.889ms
[2024-04-13T15:32:31.740+0800][5.297s] GC(3) User=0.01s Sys=0.00s Real=0.01s
[2024-04-13T15:32:31.740+0800][5.297s] GC(3) Concurrent Mark 35.318ms
[2024-04-13T15:32:31.740+0800][5.297s] GC(3) Concurrent Rebuild Remembered Sets
[2024-04-13T15:32:31.740+0800][5.297s] GC(3) Concurrent Rebuild Remembered Sets 0.018ms
[2024-04-13T15:32:31.740+0800][5.297s] GC(3) Pause Cleanup
[2024-04-13T15:32:31.740+0800][5.297s] GC(3) Pause Cleanup 25M->25M(512M) 0.031ms
[2024-04-13T15:32:31.740+0800][5.297s] GC(3) User=0.00s Sys=0.00s Real=0.00s
[2024-04-13T15:32:31.740+0800][5.297s] GC(3) Concurrent Cleanup for Next Mark
[2024-04-13T15:32:31.742+0800][5.299s] GC(3) Concurrent Cleanup for Next Mark 1.804ms
[2024-04-13T15:32:31.742+0800][5.299s] GC(3) Concurrent Mark Cycle 46.273ms
[2024-04-13T15:32:34.406+0800][7.963s] GC(4) Pause Young (Concurrent Start) (Metadata GC Threshold)
[2024-04-13T15:32:34.406+0800][7.963s] GC(4) Using 4 workers of 4 for evacuation
[2024-04-13T15:32:34.423+0800][7.980s] GC(4)   Pre Evacuate Collection Set: 0.1ms
[2024-04-13T15:32:34.423+0800][7.980s] GC(4)   Merge Heap Roots: 0.1ms
[2024-04-13T15:32:34.423+0800][7.980s] GC(4)   Evacuate Collection Set: 14.3ms
[2024-04-13T15:32:34.423+0800][7.980s] GC(4)   Post Evacuate Collection Set: 1.6ms
[2024-04-13T15:32:34.423+0800][7.980s] GC(4)   Other: 0.4ms
[2024-04-13T15:32:34.423+0800][7.980s] GC(4) Eden regions: 110->0(209)
[2024-04-13T15:32:34.423+0800][7.980s] GC(4) Survivor regions: 11->17(21)
[2024-04-13T15:32:34.423+0800][7.980s] GC(4) Old regions: 8->8
[2024-04-13T15:32:34.423+0800][7.980s] GC(4) Archive regions: 2->2
[2024-04-13T15:32:34.423+0800][7.980s] GC(4) Humongous regions: 4->4
[2024-04-13T15:32:34.423+0800][7.980s] GC(4) Metaspace: 36012K(36416K)->36012K(36416K) NonClass: 31585K(31744K)->31585K(31744K) Class: 4426K(4672K)->4426K(4672K)
[2024-04-13T15:32:34.423+0800][7.980s] GC(4) Pause Young (Concurrent Start) (Metadata GC Threshold) 133M->29M(512M) 16.838ms
[2024-04-13T15:32:34.423+0800][7.980s] GC(4) User=0.06s Sys=0.00s Real=0.02s
[2024-04-13T15:32:34.423+0800][7.980s] GC(5) Concurrent Mark Cycle
[2024-04-13T15:32:34.423+0800][7.980s] GC(5) Concurrent Clear Claimed Marks
[2024-04-13T15:32:34.423+0800][7.980s] GC(5) Concurrent Clear Claimed Marks 0.045ms
[2024-04-13T15:32:34.423+0800][7.980s] GC(5) Concurrent Scan Root Regions
[2024-04-13T15:32:34.439+0800][7.996s] GC(5) Concurrent Scan Root Regions 15.465ms
[2024-04-13T15:32:34.439+0800][7.996s] GC(5) Concurrent Mark
[2024-04-13T15:32:34.439+0800][7.996s] GC(5) Concurrent Mark From Roots
[2024-04-13T15:32:34.439+0800][7.996s] GC(5) Using 1 workers of 1 for marking
[2024-04-13T15:32:34.475+0800][8.032s] GC(5) Concurrent Mark From Roots 36.435ms
[2024-04-13T15:32:34.475+0800][8.032s] GC(5) Concurrent Preclean
[2024-04-13T15:32:34.475+0800][8.032s] GC(5) Concurrent Preclean 0.079ms
[2024-04-13T15:32:34.475+0800][8.032s] GC(5) Pause Remark
[2024-04-13T15:32:34.478+0800][8.035s] GC(5) Pause Remark 32M->32M(512M) 2.606ms
[2024-04-13T15:32:34.478+0800][8.035s] GC(5) User=0.01s Sys=0.00s Real=0.00s
[2024-04-13T15:32:34.480+0800][8.037s] GC(5) Concurrent Mark 41.227ms
[2024-04-13T15:32:34.480+0800][8.037s] GC(5) Concurrent Rebuild Remembered Sets
[2024-04-13T15:32:34.480+0800][8.037s] GC(5) Concurrent Rebuild Remembered Sets 0.021ms
[2024-04-13T15:32:34.480+0800][8.037s] GC(5) Pause Cleanup
[2024-04-13T15:32:34.480+0800][8.037s] GC(5) Pause Cleanup 32M->32M(512M) 0.025ms
[2024-04-13T15:32:34.480+0800][8.037s] GC(5) User=0.00s Sys=0.00s Real=0.00s
[2024-04-13T15:32:34.483+0800][8.040s] GC(5) Concurrent Cleanup for Next Mark
[2024-04-13T15:32:34.490+0800][8.046s] GC(5) Concurrent Cleanup for Next Mark 6.648ms
[2024-04-13T15:32:34.490+0800][8.046s] GC(5) Concurrent Mark Cycle 66.516ms
[2024-04-13T15:32:52.869+0800][26.425s] Heap
[2024-04-13T15:32:52.869+0800][26.426s]  garbage-first heap   total 524288K, used 215318K [0x00000007e0000000, 0x0000000800000000)
[2024-04-13T15:32:52.869+0800][26.426s]   region size 1024K, 198 young (202752K), 17 survivors (17408K)
[2024-04-13T15:32:52.869+0800][26.426s]  Metaspace       used 53021K, committed 53632K, reserved 1097728K
[2024-04-13T15:32:52.869+0800][26.426s]   class space    used 6799K, committed 7104K, reserved 1048576K
