[2024-04-03T23:23:54.984+0800][0.022s] Using G1
[2024-04-03T23:23:56.433+0800][1.471s] Version: 17.0.1+12-LTS-39 (release)
[2024-04-03T23:23:56.434+0800][1.471s] CPUs: 4 total, 4 available
[2024-04-03T23:23:56.434+0800][1.471s] Memory: 8192M
[2024-04-03T23:23:56.434+0800][1.471s] Large Page Support: Disabled
[2024-04-03T23:23:56.434+0800][1.471s] NUMA Support: Disabled
[2024-04-03T23:23:56.434+0800][1.471s] Compressed Oops: Enabled (Zero based)
[2024-04-03T23:23:56.434+0800][1.471s] Heap Region Size: 1M
[2024-04-03T23:23:56.434+0800][1.471s] Heap Min Capacity: 512M
[2024-04-03T23:23:56.434+0800][1.471s] Heap Initial Capacity: 512M
[2024-04-03T23:23:56.434+0800][1.471s] Heap Max Capacity: 512M
[2024-04-03T23:23:56.434+0800][1.471s] Pre-touch: Enabled
[2024-04-03T23:23:56.434+0800][1.471s] Parallel Workers: 4
[2024-04-03T23:23:56.434+0800][1.471s] Concurrent Workers: 1
[2024-04-03T23:23:56.434+0800][1.471s] Concurrent Refinement Workers: 4
[2024-04-03T23:23:56.434+0800][1.471s] Periodic GC: Disabled
[2024-04-03T23:23:56.435+0800][1.472s] CDS archive(s) mapped at: [0x0000000800000000-0x0000000800bd4000-0x0000000800bd4000), size 12402688, SharedBaseAddress: 0x0000000800000000, ArchiveRelocationMode: 0.
[2024-04-03T23:23:56.435+0800][1.472s] Compressed class space mapped at: 0x0000000800c00000-0x0000000840c00000, reserved size: 1073741824
[2024-04-03T23:23:56.435+0800][1.472s] Narrow klass base: 0x0000000800000000, Narrow klass shift: 0, Narrow klass range: 0x100000000
[2024-04-03T23:23:57.830+0800][2.867s] GC(0) Pause Young (Normal) (G1 Evacuation Pause)
[2024-04-03T23:23:57.830+0800][2.867s] GC(0) Using 4 workers of 4 for evacuation
[2024-04-03T23:23:57.834+0800][2.871s] GC(0)   Pre Evacuate Collection Set: 0.1ms
[2024-04-03T23:23:57.834+0800][2.872s] GC(0)   Merge Heap Roots: 0.2ms
[2024-04-03T23:23:57.834+0800][2.872s] GC(0)   Evacuate Collection Set: 3.2ms
[2024-04-03T23:23:57.834+0800][2.872s] GC(0)   Post Evacuate Collection Set: 0.5ms
[2024-04-03T23:23:57.834+0800][2.872s] GC(0)   Other: 0.6ms
[2024-04-03T23:23:57.834+0800][2.872s] GC(0) Eden regions: 25->0(41)
[2024-04-03T23:23:57.835+0800][2.872s] GC(0) Survivor regions: 0->3(4)
[2024-04-03T23:23:57.835+0800][2.872s] GC(0) Old regions: 0->0
[2024-04-03T23:23:57.835+0800][2.872s] GC(0) Archive regions: 2->2
[2024-04-03T23:23:57.835+0800][2.872s] GC(0) Humongous regions: 0->0
[2024-04-03T23:23:57.835+0800][2.872s] GC(0) Metaspace: 6194K(6464K)->6194K(6464K) NonClass: 5459K(5632K)->5459K(5632K) Class: 735K(832K)->735K(832K)
[2024-04-03T23:23:57.835+0800][2.872s] GC(0) Pause Young (Normal) (G1 Evacuation Pause) 25M->3M(512M) 4.756ms
[2024-04-03T23:23:57.835+0800][2.872s] GC(0) User=0.01s Sys=0.01s Real=0.00s
[2024-04-03T23:23:59.383+0800][4.420s] GC(1) Pause Young (Normal) (G1 Evacuation Pause)
[2024-04-03T23:23:59.383+0800][4.420s] GC(1) Using 4 workers of 4 for evacuation
[2024-04-03T23:23:59.413+0800][4.450s] GC(1)   Pre Evacuate Collection Set: 0.1ms
[2024-04-03T23:23:59.413+0800][4.450s] GC(1)   Merge Heap Roots: 0.1ms
[2024-04-03T23:23:59.413+0800][4.450s] GC(1)   Evacuate Collection Set: 29.2ms
[2024-04-03T23:23:59.413+0800][4.450s] GC(1)   Post Evacuate Collection Set: 0.9ms
[2024-04-03T23:23:59.413+0800][4.450s] GC(1)   Other: 0.3ms
[2024-04-03T23:23:59.413+0800][4.451s] GC(1) Eden regions: 38->0(76)
[2024-04-03T23:23:59.413+0800][4.451s] GC(1) Survivor regions: 3->6(6)
[2024-04-03T23:23:59.413+0800][4.451s] GC(1) Old regions: 0->8
[2024-04-03T23:23:59.413+0800][4.451s] GC(1) Archive regions: 2->2
[2024-04-03T23:23:59.413+0800][4.451s] GC(1) Humongous regions: 4->4
[2024-04-03T23:23:59.413+0800][4.451s] GC(1) Metaspace: 17507K(17792K)->17507K(17792K) NonClass: 15411K(15552K)->15411K(15552K) Class: 2096K(2240K)->2096K(2240K)
[2024-04-03T23:23:59.414+0800][4.451s] GC(1) Pause Young (Normal) (G1 Evacuation Pause) 45M->18M(512M) 30.942ms
[2024-04-03T23:23:59.414+0800][4.451s] GC(1) User=0.06s Sys=0.01s Real=0.03s
[2024-04-03T23:24:00.588+0800][5.625s] GC(2) Pause Young (Normal) (G1 Evacuation Pause)
[2024-04-03T23:24:00.588+0800][5.625s] GC(2) Using 4 workers of 4 for evacuation
[2024-04-03T23:24:00.601+0800][5.639s] GC(2)   Pre Evacuate Collection Set: 0.1ms
[2024-04-03T23:24:00.601+0800][5.639s] GC(2)   Merge Heap Roots: 0.1ms
[2024-04-03T23:24:00.601+0800][5.639s] GC(2)   Evacuate Collection Set: 12.1ms
[2024-04-03T23:24:00.601+0800][5.639s] GC(2)   Post Evacuate Collection Set: 0.7ms
[2024-04-03T23:24:00.601+0800][5.639s] GC(2)   Other: 0.6ms
[2024-04-03T23:24:00.601+0800][5.639s] GC(2) Eden regions: 48->0(81)
[2024-04-03T23:24:00.601+0800][5.639s] GC(2) Survivor regions: 6->6(7)
[2024-04-03T23:24:00.601+0800][5.639s] GC(2) Old regions: 8->14
[2024-04-03T23:24:00.602+0800][5.639s] GC(2) Archive regions: 2->2
[2024-04-03T23:24:00.602+0800][5.639s] GC(2) Humongous regions: 4->4
[2024-04-03T23:24:00.602+0800][5.639s] GC(2) Metaspace: 21065K(21376K)->21065K(21376K) NonClass: 18536K(18688K)->18536K(18688K) Class: 2528K(2688K)->2528K(2688K)
[2024-04-03T23:24:00.602+0800][5.639s] GC(2) Pause Young (Normal) (G1 Evacuation Pause) 66M->24M(512M) 13.704ms
[2024-04-03T23:24:00.602+0800][5.639s] GC(2) User=0.04s Sys=0.01s Real=0.02s
[2024-04-03T23:24:00.625+0800][5.663s] GC(3) Pause Young (Concurrent Start) (Metadata GC Threshold)
[2024-04-03T23:24:00.625+0800][5.663s] GC(3) Using 4 workers of 4 for evacuation
[2024-04-03T23:24:00.630+0800][5.668s] GC(3)   Pre Evacuate Collection Set: 0.1ms
[2024-04-03T23:24:00.631+0800][5.668s] GC(3)   Merge Heap Roots: 0.0ms
[2024-04-03T23:24:00.631+0800][5.668s] GC(3)   Evacuate Collection Set: 4.4ms
[2024-04-03T23:24:00.631+0800][5.668s] GC(3)   Post Evacuate Collection Set: 0.4ms
[2024-04-03T23:24:00.631+0800][5.668s] GC(3)   Other: 0.3ms
[2024-04-03T23:24:00.631+0800][5.668s] GC(3) Eden regions: 1->0(126)
[2024-04-03T23:24:00.631+0800][5.668s] GC(3) Survivor regions: 6->6(11)
[2024-04-03T23:24:00.631+0800][5.668s] GC(3) Old regions: 14->14
[2024-04-03T23:24:00.631+0800][5.668s] GC(3) Archive regions: 2->2
[2024-04-03T23:24:00.631+0800][5.668s] GC(3) Humongous regions: 4->4
[2024-04-03T23:24:00.631+0800][5.668s] GC(3) Metaspace: 21229K(21504K)->21229K(21504K) NonClass: 18679K(18816K)->18679K(18816K) Class: 2550K(2688K)->2550K(2688K)
[2024-04-03T23:24:00.631+0800][5.668s] GC(3) Pause Young (Concurrent Start) (Metadata GC Threshold) 25M->24M(512M) 5.333ms
[2024-04-03T23:24:00.631+0800][5.668s] GC(3) User=0.01s Sys=0.00s Real=0.01s
[2024-04-03T23:24:00.631+0800][5.668s] GC(4) Concurrent Mark Cycle
[2024-04-03T23:24:00.631+0800][5.668s] GC(4) Concurrent Clear Claimed Marks
[2024-04-03T23:24:00.631+0800][5.668s] GC(4) Concurrent Clear Claimed Marks 0.034ms
[2024-04-03T23:24:00.631+0800][5.668s] GC(4) Concurrent Scan Root Regions
[2024-04-03T23:24:00.633+0800][5.671s] GC(4) Concurrent Scan Root Regions 2.558ms
[2024-04-03T23:24:00.633+0800][5.671s] GC(4) Concurrent Mark
[2024-04-03T23:24:00.634+0800][5.671s] GC(4) Concurrent Mark From Roots
[2024-04-03T23:24:00.634+0800][5.671s] GC(4) Using 1 workers of 1 for marking
[2024-04-03T23:24:00.688+0800][5.725s] GC(4) Concurrent Mark From Roots 54.661ms
[2024-04-03T23:24:00.688+0800][5.725s] GC(4) Concurrent Preclean
[2024-04-03T23:24:00.688+0800][5.726s] GC(4) Concurrent Preclean 0.107ms
[2024-04-03T23:24:00.689+0800][5.726s] GC(4) Pause Remark
[2024-04-03T23:24:00.692+0800][5.729s] GC(4) Pause Remark 26M->26M(512M) 3.243ms
[2024-04-03T23:24:00.692+0800][5.729s] GC(4) User=0.01s Sys=0.00s Real=0.01s
[2024-04-03T23:24:00.692+0800][5.729s] GC(4) Concurrent Mark 58.525ms
[2024-04-03T23:24:00.692+0800][5.729s] GC(4) Concurrent Rebuild Remembered Sets
[2024-04-03T23:24:00.718+0800][5.755s] GC(4) Concurrent Rebuild Remembered Sets 25.901ms
[2024-04-03T23:24:00.718+0800][5.755s] GC(4) Pause Cleanup
[2024-04-03T23:24:00.718+0800][5.755s] GC(4) Pause Cleanup 26M->26M(512M) 0.110ms
[2024-04-03T23:24:00.718+0800][5.756s] GC(4) User=0.00s Sys=0.00s Real=0.00s
[2024-04-03T23:24:00.718+0800][5.756s] GC(4) Concurrent Cleanup for Next Mark
[2024-04-03T23:24:00.721+0800][5.758s] GC(4) Concurrent Cleanup for Next Mark 2.336ms
[2024-04-03T23:24:00.721+0800][5.758s] GC(4) Concurrent Mark Cycle 90.162ms
[2024-04-03T23:24:03.380+0800][8.418s] GC(5) Pause Young (Prepare Mixed) (Metadata GC Threshold)
[2024-04-03T23:24:03.380+0800][8.418s] GC(5) Using 4 workers of 4 for evacuation
[2024-04-03T23:24:03.394+0800][8.431s] GC(5)   Pre Evacuate Collection Set: 0.1ms
[2024-04-03T23:24:03.394+0800][8.431s] GC(5)   Merge Heap Roots: 0.0ms
[2024-04-03T23:24:03.394+0800][8.431s] GC(5)   Evacuate Collection Set: 11.8ms
[2024-04-03T23:24:03.394+0800][8.431s] GC(5)   Post Evacuate Collection Set: 1.4ms
[2024-04-03T23:24:03.394+0800][8.431s] GC(5)   Other: 0.2ms
[2024-04-03T23:24:03.394+0800][8.431s] GC(5) Eden regions: 89->0(14)
[2024-04-03T23:24:03.394+0800][8.431s] GC(5) Survivor regions: 6->11(17)
[2024-04-03T23:24:03.394+0800][8.431s] GC(5) Old regions: 14->14
[2024-04-03T23:24:03.394+0800][8.431s] GC(5) Archive regions: 2->2
[2024-04-03T23:24:03.394+0800][8.431s] GC(5) Humongous regions: 4->4
[2024-04-03T23:24:03.394+0800][8.431s] GC(5) Metaspace: 36073K(36416K)->36073K(36416K) NonClass: 31635K(31808K)->31635K(31808K) Class: 4437K(4608K)->4437K(4608K)
[2024-04-03T23:24:03.394+0800][8.431s] GC(5) Pause Young (Prepare Mixed) (Metadata GC Threshold) 113M->29M(512M) 13.891ms
[2024-04-03T23:24:03.394+0800][8.431s] GC(5) User=0.04s Sys=0.00s Real=0.01s
[2024-04-03T23:24:03.450+0800][8.487s] GC(6) Pause Young (Mixed) (Metadata GC Threshold)
[2024-04-03T23:24:03.450+0800][8.487s] GC(6) Using 4 workers of 4 for evacuation
[2024-04-03T23:24:03.475+0800][8.513s] GC(6)   Pre Evacuate Collection Set: 0.1ms
[2024-04-03T23:24:03.476+0800][8.513s] GC(6)   Merge Heap Roots: 0.1ms
[2024-04-03T23:24:03.476+0800][8.513s] GC(6)   Evacuate Collection Set: 24.0ms
[2024-04-03T23:24:03.476+0800][8.513s] GC(6)   Post Evacuate Collection Set: 1.1ms
[2024-04-03T23:24:03.476+0800][8.513s] GC(6)   Other: 0.2ms
[2024-04-03T23:24:03.476+0800][8.513s] GC(6) Eden regions: 2->0(305)
[2024-04-03T23:24:03.476+0800][8.513s] GC(6) Survivor regions: 11->2(4)
[2024-04-03T23:24:03.476+0800][8.513s] GC(6) Old regions: 14->24
[2024-04-03T23:24:03.476+0800][8.513s] GC(6) Archive regions: 2->2
[2024-04-03T23:24:03.476+0800][8.513s] GC(6) Humongous regions: 4->4
[2024-04-03T23:24:03.476+0800][8.513s] GC(6) Metaspace: 36423K(36736K)->36423K(36736K) NonClass: 31936K(32128K)->31936K(32128K) Class: 4487K(4608K)->4487K(4608K)
[2024-04-03T23:24:03.476+0800][8.513s] GC(6) Pause Young (Mixed) (Metadata GC Threshold) 31M->30M(512M) 25.590ms
[2024-04-03T23:24:03.476+0800][8.513s] GC(6) User=0.04s Sys=0.01s Real=0.02s
[2024-04-03T23:24:03.529+0800][8.566s] GC(7) Pause Young (Concurrent Start) (Metadata GC Threshold)
[2024-04-03T23:24:03.529+0800][8.566s] GC(7) Using 4 workers of 4 for evacuation
[2024-04-03T23:24:03.531+0800][8.568s] GC(7)   Pre Evacuate Collection Set: 0.1ms
[2024-04-03T23:24:03.531+0800][8.568s] GC(7)   Merge Heap Roots: 0.0ms
[2024-04-03T23:24:03.531+0800][8.568s] GC(7)   Evacuate Collection Set: 1.4ms
[2024-04-03T23:24:03.531+0800][8.568s] GC(7)   Post Evacuate Collection Set: 0.3ms
[2024-04-03T23:24:03.531+0800][8.568s] GC(7)   Other: 0.3ms
[2024-04-03T23:24:03.531+0800][8.569s] GC(7) Eden regions: 3->0(306)
[2024-04-03T23:24:03.531+0800][8.569s] GC(7) Survivor regions: 2->1(39)
[2024-04-03T23:24:03.531+0800][8.569s] GC(7) Old regions: 24->24
[2024-04-03T23:24:03.531+0800][8.569s] GC(7) Archive regions: 2->2
[2024-04-03T23:24:03.531+0800][8.569s] GC(7) Humongous regions: 4->4
[2024-04-03T23:24:03.531+0800][8.569s] GC(7) Metaspace: 36767K(37056K)->36767K(37056K) NonClass: 32223K(32384K)->32223K(32384K) Class: 4544K(4672K)->4544K(4672K)
[2024-04-03T23:24:03.531+0800][8.569s] GC(7) Pause Young (Concurrent Start) (Metadata GC Threshold) 32M->29M(512M) 2.306ms
[2024-04-03T23:24:03.531+0800][8.569s] GC(7) User=0.00s Sys=0.00s Real=0.01s
[2024-04-03T23:24:03.531+0800][8.569s] GC(8) Concurrent Mark Cycle
[2024-04-03T23:24:03.531+0800][8.569s] GC(8) Concurrent Clear Claimed Marks
[2024-04-03T23:24:03.531+0800][8.569s] GC(8) Concurrent Clear Claimed Marks 0.035ms
[2024-04-03T23:24:03.531+0800][8.569s] GC(8) Concurrent Scan Root Regions
[2024-04-03T23:24:03.532+0800][8.569s] GC(8) Concurrent Scan Root Regions 0.564ms
[2024-04-03T23:24:03.532+0800][8.569s] GC(8) Concurrent Mark
[2024-04-03T23:24:03.532+0800][8.570s] GC(8) Concurrent Mark From Roots
[2024-04-03T23:24:03.532+0800][8.570s] GC(8) Using 1 workers of 1 for marking
[2024-04-03T23:24:03.597+0800][8.634s] GC(8) Concurrent Mark From Roots 64.797ms
[2024-04-03T23:24:03.597+0800][8.634s] GC(8) Concurrent Preclean
[2024-04-03T23:24:03.597+0800][8.635s] GC(8) Concurrent Preclean 0.119ms
[2024-04-03T23:24:03.597+0800][8.635s] GC(8) Pause Remark
[2024-04-03T23:24:03.601+0800][8.638s] GC(8) Pause Remark 31M->31M(512M) 3.332ms
[2024-04-03T23:24:03.601+0800][8.638s] GC(8) User=0.01s Sys=0.00s Real=0.01s
[2024-04-03T23:24:03.601+0800][8.638s] GC(8) Concurrent Mark 68.580ms
[2024-04-03T23:24:03.601+0800][8.638s] GC(8) Concurrent Rebuild Remembered Sets
[2024-04-03T23:24:03.635+0800][8.672s] GC(8) Concurrent Rebuild Remembered Sets 34.272ms
[2024-04-03T23:24:03.635+0800][8.673s] GC(8) Pause Cleanup
[2024-04-03T23:24:03.635+0800][8.673s] GC(8) Pause Cleanup 32M->32M(512M) 0.103ms
[2024-04-03T23:24:03.635+0800][8.673s] GC(8) User=0.00s Sys=0.00s Real=0.00s
[2024-04-03T23:24:03.635+0800][8.673s] GC(8) Concurrent Cleanup for Next Mark
[2024-04-03T23:24:03.637+0800][8.674s] GC(8) Concurrent Cleanup for Next Mark 1.733ms
[2024-04-03T23:24:03.637+0800][8.674s] GC(8) Concurrent Mark Cycle 105.868ms
[2024-04-03T23:38:09.018+0800][854.074s] GC(9) Pause Young (Prepare Mixed) (G1 Evacuation Pause)
[2024-04-03T23:38:09.018+0800][854.074s] GC(9) Using 4 workers of 4 for evacuation
[2024-04-03T23:38:09.078+0800][854.134s] GC(9)   Pre Evacuate Collection Set: 0.4ms
[2024-04-03T23:38:09.078+0800][854.134s] GC(9)   Merge Heap Roots: 0.2ms
[2024-04-03T23:38:09.078+0800][854.134s] GC(9)   Evacuate Collection Set: 57.9ms
[2024-04-03T23:38:09.079+0800][854.134s] GC(9)   Post Evacuate Collection Set: 1.6ms
[2024-04-03T23:38:09.079+0800][854.134s] GC(9)   Other: 0.5ms
[2024-04-03T23:38:09.079+0800][854.134s] GC(9) Eden regions: 306->0(4)
[2024-04-03T23:38:09.079+0800][854.134s] GC(9) Survivor regions: 1->21(39)
[2024-04-03T23:38:09.079+0800][854.134s] GC(9) Old regions: 24->24
[2024-04-03T23:38:09.079+0800][854.135s] GC(9) Archive regions: 2->2
[2024-04-03T23:38:09.079+0800][854.135s] GC(9) Humongous regions: 5->5
[2024-04-03T23:38:09.079+0800][854.135s] GC(9) Metaspace: 56176K(56704K)->56176K(56704K) NonClass: 49139K(49408K)->49139K(49408K) Class: 7037K(7296K)->7037K(7296K)
[2024-04-03T23:38:09.079+0800][854.135s] GC(9) Pause Young (Prepare Mixed) (G1 Evacuation Pause) 336M->50M(512M) 60.604ms
[2024-04-03T23:38:09.079+0800][854.135s] GC(9) User=0.08s Sys=0.10s Real=0.06s
[2024-04-03T23:38:09.166+0800][854.222s] GC(10) Pause Young (Mixed) (G1 Evacuation Pause)
[2024-04-03T23:38:09.166+0800][854.222s] GC(10) Using 4 workers of 4 for evacuation
[2024-04-03T23:38:09.207+0800][854.263s] GC(10)   Pre Evacuate Collection Set: 0.1ms
[2024-04-03T23:38:09.207+0800][854.263s] GC(10)   Merge Heap Roots: 0.1ms
[2024-04-03T23:38:09.207+0800][854.263s] GC(10)   Evacuate Collection Set: 38.7ms
[2024-04-03T23:38:09.207+0800][854.263s] GC(10)   Post Evacuate Collection Set: 1.5ms
[2024-04-03T23:38:09.207+0800][854.263s] GC(10)   Other: 0.2ms
[2024-04-03T23:38:09.207+0800][854.263s] GC(10) Eden regions: 4->0(305)
[2024-04-03T23:38:09.207+0800][854.263s] GC(10) Survivor regions: 21->2(4)
[2024-04-03T23:38:09.207+0800][854.263s] GC(10) Old regions: 24->45
[2024-04-03T23:38:09.207+0800][854.263s] GC(10) Archive regions: 2->2
[2024-04-03T23:38:09.207+0800][854.263s] GC(10) Humongous regions: 5->5
[2024-04-03T23:38:09.207+0800][854.263s] GC(10) Metaspace: 56178K(56704K)->56178K(56704K) NonClass: 49141K(49408K)->49141K(49408K) Class: 7037K(7296K)->7037K(7296K)
[2024-04-03T23:38:09.207+0800][854.263s] GC(10) Pause Young (Mixed) (G1 Evacuation Pause) 54M->51M(512M) 40.907ms
[2024-04-03T23:38:09.207+0800][854.263s] GC(10) User=0.07s Sys=0.03s Real=0.04s
[2024-04-03T23:38:14.818+0800][859.875s] GC(11) Pause Young (Concurrent Start) (G1 Evacuation Pause)
[2024-04-03T23:38:14.819+0800][859.875s] GC(11) Using 4 workers of 4 for evacuation
[2024-04-03T23:38:14.824+0800][859.880s] GC(11)   Pre Evacuate Collection Set: 0.1ms
[2024-04-03T23:38:14.824+0800][859.880s] GC(11)   Merge Heap Roots: 0.1ms
[2024-04-03T23:38:14.824+0800][859.880s] GC(11)   Evacuate Collection Set: 4.0ms
[2024-04-03T23:38:14.824+0800][859.880s] GC(11)   Post Evacuate Collection Set: 0.6ms
[2024-04-03T23:38:14.824+0800][859.880s] GC(11)   Other: 0.6ms
[2024-04-03T23:38:14.824+0800][859.880s] GC(11) Eden regions: 305->0(296)
[2024-04-03T23:38:14.824+0800][859.880s] GC(11) Survivor regions: 2->11(39)
[2024-04-03T23:38:14.824+0800][859.880s] GC(11) Old regions: 45->45
[2024-04-03T23:38:14.824+0800][859.880s] GC(11) Archive regions: 2->2
[2024-04-03T23:38:14.824+0800][859.880s] GC(11) Humongous regions: 5->5
[2024-04-03T23:38:14.824+0800][859.880s] GC(11) Metaspace: 57623K(58176K)->57623K(58176K) NonClass: 50410K(50688K)->50410K(50688K) Class: 7213K(7488K)->7213K(7488K)
[2024-04-03T23:38:14.824+0800][859.880s] GC(11) Pause Young (Concurrent Start) (G1 Evacuation Pause) 356M->60M(512M) 5.550ms
[2024-04-03T23:38:14.824+0800][859.880s] GC(11) User=0.01s Sys=0.00s Real=0.01s
[2024-04-03T23:38:14.824+0800][859.880s] GC(12) Concurrent Mark Cycle
[2024-04-03T23:38:14.824+0800][859.880s] GC(12) Concurrent Clear Claimed Marks
[2024-04-03T23:38:14.824+0800][859.880s] GC(12) Concurrent Clear Claimed Marks 0.156ms
[2024-04-03T23:38:14.824+0800][859.880s] GC(12) Concurrent Scan Root Regions
[2024-04-03T23:38:14.828+0800][859.884s] GC(12) Concurrent Scan Root Regions 3.231ms
[2024-04-03T23:38:14.828+0800][859.884s] GC(12) Concurrent Mark
[2024-04-03T23:38:14.828+0800][859.884s] GC(12) Concurrent Mark From Roots
[2024-04-03T23:38:14.828+0800][859.884s] GC(12) Using 1 workers of 1 for marking
[2024-04-03T23:38:14.948+0800][860.004s] GC(12) Concurrent Mark From Roots 120.210ms
[2024-04-03T23:38:14.948+0800][860.004s] GC(12) Concurrent Preclean
[2024-04-03T23:38:14.949+0800][860.005s] GC(12) Concurrent Preclean 0.865ms
[2024-04-03T23:38:14.949+0800][860.005s] GC(12) Pause Remark
[2024-04-03T23:38:14.982+0800][860.038s] GC(12) Pause Remark 66M->66M(512M) 32.552ms
[2024-04-03T23:38:14.982+0800][860.038s] GC(12) User=0.03s Sys=0.06s Real=0.04s
[2024-04-03T23:38:14.983+0800][860.039s] GC(12) Concurrent Mark 154.870ms
[2024-04-03T23:38:14.983+0800][860.039s] GC(12) Concurrent Rebuild Remembered Sets
[2024-04-03T23:38:15.025+0800][860.081s] GC(12) Concurrent Rebuild Remembered Sets 42.234ms
[2024-04-03T23:38:15.027+0800][860.083s] GC(12) Pause Cleanup
[2024-04-03T23:38:15.027+0800][860.083s] GC(12) Pause Cleanup 70M->70M(512M) 0.145ms
[2024-04-03T23:38:15.027+0800][860.083s] GC(12) User=0.00s Sys=0.00s Real=0.00s
[2024-04-03T23:38:15.027+0800][860.083s] GC(12) Concurrent Cleanup for Next Mark
[2024-04-03T23:38:15.032+0800][860.088s] GC(12) Concurrent Cleanup for Next Mark 4.826ms
[2024-04-03T23:38:15.032+0800][860.088s] GC(12) Concurrent Mark Cycle 207.909ms
[2024-04-03T23:38:18.881+0800][863.937s] GC(13) Pause Young (Prepare Mixed) (G1 Evacuation Pause)
[2024-04-03T23:38:18.881+0800][863.937s] GC(13) Using 4 workers of 4 for evacuation
[2024-04-03T23:38:18.887+0800][863.943s] GC(13)   Pre Evacuate Collection Set: 0.1ms
[2024-04-03T23:38:18.887+0800][863.943s] GC(13)   Merge Heap Roots: 0.1ms
[2024-04-03T23:38:18.887+0800][863.943s] GC(13)   Evacuate Collection Set: 4.6ms
[2024-04-03T23:38:18.887+0800][863.943s] GC(13)   Post Evacuate Collection Set: 0.6ms
[2024-04-03T23:38:18.887+0800][863.943s] GC(13)   Other: 0.2ms
[2024-04-03T23:38:18.887+0800][863.943s] GC(13) Eden regions: 296->0(12)
[2024-04-03T23:38:18.887+0800][863.943s] GC(13) Survivor regions: 11->13(39)
[2024-04-03T23:38:18.887+0800][863.943s] GC(13) Old regions: 45->45
[2024-04-03T23:38:18.887+0800][863.943s] GC(13) Archive regions: 2->2
[2024-04-03T23:38:18.887+0800][863.943s] GC(13) Humongous regions: 7->6
[2024-04-03T23:38:18.887+0800][863.943s] GC(13) Metaspace: 57423K(58176K)->57423K(58176K) NonClass: 50257K(50688K)->50257K(50688K) Class: 7165K(7488K)->7165K(7488K)
[2024-04-03T23:38:18.887+0800][863.943s] GC(13) Pause Young (Prepare Mixed) (G1 Evacuation Pause) 358M->63M(512M) 5.756ms
[2024-04-03T23:38:18.887+0800][863.943s] GC(13) User=0.02s Sys=0.00s Real=0.00s
[2024-04-03T23:38:19.044+0800][864.101s] GC(14) Pause Young (Mixed) (G1 Evacuation Pause)
[2024-04-03T23:38:19.044+0800][864.101s] GC(14) Using 4 workers of 4 for evacuation
[2024-04-03T23:38:19.054+0800][864.111s] GC(14)   Pre Evacuate Collection Set: 0.1ms
[2024-04-03T23:38:19.054+0800][864.111s] GC(14)   Merge Heap Roots: 0.0ms
[2024-04-03T23:38:19.054+0800][864.111s] GC(14)   Evacuate Collection Set: 8.9ms
[2024-04-03T23:38:19.054+0800][864.111s] GC(14)   Post Evacuate Collection Set: 0.8ms
[2024-04-03T23:38:19.055+0800][864.111s] GC(14)   Other: 0.1ms
[2024-04-03T23:38:19.055+0800][864.111s] GC(14) Eden regions: 12->0(305)
[2024-04-03T23:38:19.055+0800][864.111s] GC(14) Survivor regions: 13->2(4)
[2024-04-03T23:38:19.055+0800][864.111s] GC(14) Old regions: 45->55
[2024-04-03T23:38:19.055+0800][864.111s] GC(14) Archive regions: 2->2
[2024-04-03T23:38:19.055+0800][864.111s] GC(14) Humongous regions: 6->6
[2024-04-03T23:38:19.055+0800][864.111s] GC(14) Metaspace: 57423K(58176K)->57423K(58176K) NonClass: 50257K(50688K)->50257K(50688K) Class: 7165K(7488K)->7165K(7488K)
[2024-04-03T23:38:19.055+0800][864.111s] GC(14) Pause Young (Mixed) (G1 Evacuation Pause) 75M->62M(512M) 10.145ms
[2024-04-03T23:38:19.055+0800][864.111s] GC(14) User=0.02s Sys=0.01s Real=0.01s
[2024-04-03T23:38:22.996+0800][868.053s] GC(15) Pause Young (Normal) (G1 Evacuation Pause)
[2024-04-03T23:38:22.997+0800][868.053s] GC(15) Using 4 workers of 4 for evacuation
[2024-04-03T23:38:23.004+0800][868.060s] GC(15)   Pre Evacuate Collection Set: 0.1ms
[2024-04-03T23:38:23.004+0800][868.060s] GC(15)   Merge Heap Roots: 0.1ms
[2024-04-03T23:38:23.004+0800][868.060s] GC(15)   Evacuate Collection Set: 6.1ms
[2024-04-03T23:38:23.004+0800][868.060s] GC(15)   Post Evacuate Collection Set: 1.0ms
[2024-04-03T23:38:23.004+0800][868.061s] GC(15)   Other: 0.4ms
[2024-04-03T23:38:23.004+0800][868.061s] GC(15) Eden regions: 305->0(289)
[2024-04-03T23:38:23.004+0800][868.061s] GC(15) Survivor regions: 2->18(39)
[2024-04-03T23:38:23.004+0800][868.061s] GC(15) Old regions: 55->55
[2024-04-03T23:38:23.004+0800][868.061s] GC(15) Archive regions: 2->2
[2024-04-03T23:38:23.004+0800][868.061s] GC(15) Humongous regions: 7->7
[2024-04-03T23:38:23.004+0800][868.061s] GC(15) Metaspace: 57445K(58176K)->57445K(58176K) NonClass: 50279K(50688K)->50279K(50688K) Class: 7166K(7488K)->7166K(7488K)
[2024-04-03T23:38:23.004+0800][868.061s] GC(15) Pause Young (Normal) (G1 Evacuation Pause) 368M->79M(512M) 8.161ms
[2024-04-03T23:38:23.005+0800][868.061s] GC(15) User=0.02s Sys=0.00s Real=0.01s
[2024-04-04T00:26:02.891+0800][3727.734s] Heap
[2024-04-04T00:26:02.891+0800][3727.735s]  garbage-first heap   total 524288K, used 272313K [0x00000007e0000000, 0x0000000800000000)
[2024-04-04T00:26:02.891+0800][3727.735s]   region size 1024K, 204 young (208896K), 18 survivors (18432K)
[2024-04-04T00:26:02.891+0800][3727.735s]  Metaspace       used 59933K, committed 60480K, reserved 1105920K
[2024-04-04T00:26:02.892+0800][3727.735s]   class space    used 7442K, committed 7680K, reserved 1048576K
