[2024-04-09T15:13:48.827+0800][0.012s] Using G1
[2024-04-09T15:13:49.589+0800][0.774s] Version: 17.0.1+12-LTS-39 (release)
[2024-04-09T15:13:49.589+0800][0.774s] CPUs: 4 total, 4 available
[2024-04-09T15:13:49.589+0800][0.774s] Memory: 8192M
[2024-04-09T15:13:49.589+0800][0.774s] Large Page Support: Disabled
[2024-04-09T15:13:49.589+0800][0.774s] NUMA Support: Disabled
[2024-04-09T15:13:49.589+0800][0.774s] Compressed Oops: Enabled (Zero based)
[2024-04-09T15:13:49.589+0800][0.774s] Heap Region Size: 1M
[2024-04-09T15:13:49.589+0800][0.774s] Heap Min Capacity: 512M
[2024-04-09T15:13:49.589+0800][0.774s] Heap Initial Capacity: 512M
[2024-04-09T15:13:49.589+0800][0.774s] Heap Max Capacity: 512M
[2024-04-09T15:13:49.589+0800][0.774s] Pre-touch: Enabled
[2024-04-09T15:13:49.589+0800][0.774s] Parallel Workers: 4
[2024-04-09T15:13:49.589+0800][0.774s] Concurrent Workers: 1
[2024-04-09T15:13:49.589+0800][0.774s] Concurrent Refinement Workers: 4
[2024-04-09T15:13:49.589+0800][0.774s] Periodic GC: Disabled
[2024-04-09T15:13:49.590+0800][0.775s] CDS archive(s) mapped at: [0x0000000800000000-0x0000000800bd4000-0x0000000800bd4000), size 12402688, SharedBaseAddress: 0x0000000800000000, ArchiveRelocationMode: 0.
[2024-04-09T15:13:49.590+0800][0.775s] Compressed class space mapped at: 0x0000000800c00000-0x0000000840c00000, reserved size: 1073741824
[2024-04-09T15:13:49.590+0800][0.775s] Narrow klass base: 0x0000000800000000, Narrow klass shift: 0, Narrow klass range: 0x100000000
[2024-04-09T15:13:50.585+0800][1.769s] GC(0) Pause Young (Normal) (G1 Evacuation Pause)
[2024-04-09T15:13:50.585+0800][1.770s] GC(0) Using 4 workers of 4 for evacuation
[2024-04-09T15:13:50.589+0800][1.774s] GC(0)   Pre Evacuate Collection Set: 0.1ms
[2024-04-09T15:13:50.589+0800][1.774s] GC(0)   Merge Heap Roots: 0.2ms
[2024-04-09T15:13:50.589+0800][1.774s] GC(0)   Evacuate Collection Set: 3.3ms
[2024-04-09T15:13:50.589+0800][1.774s] GC(0)   Post Evacuate Collection Set: 0.4ms
[2024-04-09T15:13:50.589+0800][1.774s] GC(0)   Other: 0.6ms
[2024-04-09T15:13:50.589+0800][1.774s] GC(0) Eden regions: 25->0(41)
[2024-04-09T15:13:50.589+0800][1.774s] GC(0) Survivor regions: 0->3(4)
[2024-04-09T15:13:50.589+0800][1.774s] GC(0) Old regions: 0->0
[2024-04-09T15:13:50.589+0800][1.774s] GC(0) Archive regions: 2->2
[2024-04-09T15:13:50.589+0800][1.774s] GC(0) Humongous regions: 0->0
[2024-04-09T15:13:50.589+0800][1.774s] GC(0) Metaspace: 6196K(6464K)->6196K(6464K) NonClass: 5460K(5632K)->5460K(5632K) Class: 735K(832K)->735K(832K)
[2024-04-09T15:13:50.589+0800][1.774s] GC(0) Pause Young (Normal) (G1 Evacuation Pause) 25M->3M(512M) 4.693ms
[2024-04-09T15:13:50.589+0800][1.774s] GC(0) User=0.01s Sys=0.00s Real=0.00s
[2024-04-09T15:13:51.835+0800][3.019s] GC(1) Pause Young (Normal) (G1 Evacuation Pause)
[2024-04-09T15:13:51.835+0800][3.019s] GC(1) Using 4 workers of 4 for evacuation
[2024-04-09T15:13:51.853+0800][3.037s] GC(1)   Pre Evacuate Collection Set: 0.1ms
[2024-04-09T15:13:51.853+0800][3.037s] GC(1)   Merge Heap Roots: 0.0ms
[2024-04-09T15:13:51.853+0800][3.037s] GC(1)   Evacuate Collection Set: 17.0ms
[2024-04-09T15:13:51.853+0800][3.038s] GC(1)   Post Evacuate Collection Set: 0.7ms
[2024-04-09T15:13:51.853+0800][3.038s] GC(1)   Other: 0.2ms
[2024-04-09T15:13:51.853+0800][3.038s] GC(1) Eden regions: 37->0(88)
[2024-04-09T15:13:51.853+0800][3.038s] GC(1) Survivor regions: 3->5(5)
[2024-04-09T15:13:51.853+0800][3.038s] GC(1) Old regions: 0->8
[2024-04-09T15:13:51.853+0800][3.038s] GC(1) Archive regions: 2->2
[2024-04-09T15:13:51.853+0800][3.038s] GC(1) Humongous regions: 4->4
[2024-04-09T15:13:51.853+0800][3.038s] GC(1) Metaspace: 17314K(17664K)->17314K(17664K) NonClass: 15242K(15424K)->15242K(15424K) Class: 2071K(2240K)->2071K(2240K)
[2024-04-09T15:13:51.853+0800][3.038s] GC(1) Pause Young (Normal) (G1 Evacuation Pause) 44M->17M(512M) 18.447ms
[2024-04-09T15:13:51.853+0800][3.038s] GC(1) User=0.06s Sys=0.00s Real=0.02s
[2024-04-09T15:13:52.802+0800][3.987s] GC(2) Pause Young (Concurrent Start) (Metadata GC Threshold)
[2024-04-09T15:13:52.802+0800][3.987s] GC(2) Using 4 workers of 4 for evacuation
[2024-04-09T15:13:52.811+0800][3.996s] GC(2)   Pre Evacuate Collection Set: 0.1ms
[2024-04-09T15:13:52.811+0800][3.996s] GC(2)   Merge Heap Roots: 0.0ms
[2024-04-09T15:13:52.811+0800][3.996s] GC(2)   Evacuate Collection Set: 7.5ms
[2024-04-09T15:13:52.811+0800][3.996s] GC(2)   Post Evacuate Collection Set: 0.7ms
[2024-04-09T15:13:52.811+0800][3.996s] GC(2)   Other: 0.4ms
[2024-04-09T15:13:52.811+0800][3.996s] GC(2) Eden regions: 52->0(168)
[2024-04-09T15:13:52.811+0800][3.996s] GC(2) Survivor regions: 5->11(12)
[2024-04-09T15:13:52.811+0800][3.996s] GC(2) Old regions: 8->8
[2024-04-09T15:13:52.811+0800][3.996s] GC(2) Archive regions: 2->2
[2024-04-09T15:13:52.811+0800][3.996s] GC(2) Humongous regions: 4->4
[2024-04-09T15:13:52.811+0800][3.996s] GC(2) Metaspace: 21243K(21504K)->21243K(21504K) NonClass: 18688K(18816K)->18688K(18816K) Class: 2554K(2688K)->2554K(2688K)
[2024-04-09T15:13:52.811+0800][3.996s] GC(2) Pause Young (Concurrent Start) (Metadata GC Threshold) 69M->23M(512M) 8.803ms
[2024-04-09T15:13:52.811+0800][3.996s] GC(2) User=0.03s Sys=0.00s Real=0.01s
[2024-04-09T15:13:52.811+0800][3.996s] GC(3) Concurrent Mark Cycle
[2024-04-09T15:13:52.811+0800][3.996s] GC(3) Concurrent Clear Claimed Marks
[2024-04-09T15:13:52.811+0800][3.996s] GC(3) Concurrent Clear Claimed Marks 0.039ms
[2024-04-09T15:13:52.811+0800][3.996s] GC(3) Concurrent Scan Root Regions
[2024-04-09T15:13:52.817+0800][4.002s] GC(3) Concurrent Scan Root Regions 5.985ms
[2024-04-09T15:13:52.817+0800][4.002s] GC(3) Concurrent Mark
[2024-04-09T15:13:52.817+0800][4.002s] GC(3) Concurrent Mark From Roots
[2024-04-09T15:13:52.817+0800][4.002s] GC(3) Using 1 workers of 1 for marking
[2024-04-09T15:13:52.837+0800][4.022s] GC(3) Concurrent Mark From Roots 20.068ms
[2024-04-09T15:13:52.837+0800][4.022s] GC(3) Concurrent Preclean
[2024-04-09T15:13:52.837+0800][4.022s] GC(3) Concurrent Preclean 0.058ms
[2024-04-09T15:13:52.837+0800][4.022s] GC(3) Pause Remark
[2024-04-09T15:13:52.839+0800][4.024s] GC(3) Pause Remark 24M->24M(512M) 2.017ms
[2024-04-09T15:13:52.840+0800][4.024s] GC(3) User=0.01s Sys=0.00s Real=0.01s
[2024-04-09T15:13:52.840+0800][4.024s] GC(3) Concurrent Mark 22.485ms
[2024-04-09T15:13:52.840+0800][4.024s] GC(3) Concurrent Rebuild Remembered Sets
[2024-04-09T15:13:52.840+0800][4.024s] GC(3) Concurrent Rebuild Remembered Sets 0.011ms
[2024-04-09T15:13:52.840+0800][4.025s] GC(3) Pause Cleanup
[2024-04-09T15:13:52.840+0800][4.025s] GC(3) Pause Cleanup 24M->24M(512M) 0.022ms
[2024-04-09T15:13:52.840+0800][4.025s] GC(3) User=0.00s Sys=0.00s Real=0.00s
[2024-04-09T15:13:52.840+0800][4.025s] GC(3) Concurrent Cleanup for Next Mark
[2024-04-09T15:13:52.841+0800][4.026s] GC(3) Concurrent Cleanup for Next Mark 1.461ms
[2024-04-09T15:13:52.841+0800][4.026s] GC(3) Concurrent Mark Cycle 30.436ms
[2024-04-09T15:13:55.239+0800][6.424s] GC(4) Pause Young (Concurrent Start) (Metadata GC Threshold)
[2024-04-09T15:13:55.239+0800][6.424s] GC(4) Using 4 workers of 4 for evacuation
[2024-04-09T15:13:55.252+0800][6.437s] GC(4)   Pre Evacuate Collection Set: 0.1ms
[2024-04-09T15:13:55.252+0800][6.437s] GC(4)   Merge Heap Roots: 0.1ms
[2024-04-09T15:13:55.252+0800][6.437s] GC(4)   Evacuate Collection Set: 12.5ms
[2024-04-09T15:13:55.252+0800][6.437s] GC(4)   Post Evacuate Collection Set: 0.8ms
[2024-04-09T15:13:55.252+0800][6.437s] GC(4)   Other: 0.2ms
[2024-04-09T15:13:55.252+0800][6.437s] GC(4) Eden regions: 90->0(184)
[2024-04-09T15:13:55.252+0800][6.437s] GC(4) Survivor regions: 11->16(23)
[2024-04-09T15:13:55.252+0800][6.437s] GC(4) Old regions: 8->8
[2024-04-09T15:13:55.252+0800][6.437s] GC(4) Archive regions: 2->2
[2024-04-09T15:13:55.252+0800][6.437s] GC(4) Humongous regions: 4->4
[2024-04-09T15:13:55.252+0800][6.437s] GC(4) Metaspace: 36015K(36416K)->36015K(36416K) NonClass: 31596K(31744K)->31596K(31744K) Class: 4418K(4672K)->4418K(4672K)
[2024-04-09T15:13:55.252+0800][6.437s] GC(4) Pause Young (Concurrent Start) (Metadata GC Threshold) 112M->28M(512M) 13.811ms
[2024-04-09T15:13:55.252+0800][6.437s] GC(4) User=0.05s Sys=0.01s Real=0.02s
[2024-04-09T15:13:55.252+0800][6.437s] GC(5) Concurrent Mark Cycle
[2024-04-09T15:13:55.253+0800][6.437s] GC(5) Concurrent Clear Claimed Marks
[2024-04-09T15:13:55.253+0800][6.437s] GC(5) Concurrent Clear Claimed Marks 0.033ms
[2024-04-09T15:13:55.253+0800][6.437s] GC(5) Concurrent Scan Root Regions
[2024-04-09T15:13:55.266+0800][6.451s] GC(5) Concurrent Scan Root Regions 13.708ms
[2024-04-09T15:13:55.266+0800][6.451s] GC(5) Concurrent Mark
[2024-04-09T15:13:55.266+0800][6.451s] GC(5) Concurrent Mark From Roots
[2024-04-09T15:13:55.266+0800][6.451s] GC(5) Using 1 workers of 1 for marking
[2024-04-09T15:13:55.296+0800][6.481s] GC(5) Concurrent Mark From Roots 30.085ms
[2024-04-09T15:13:55.297+0800][6.481s] GC(5) Concurrent Preclean
[2024-04-09T15:13:55.297+0800][6.482s] GC(5) Concurrent Preclean 0.085ms
[2024-04-09T15:13:55.297+0800][6.482s] GC(5) Pause Remark
[2024-04-09T15:13:55.299+0800][6.484s] GC(5) Pause Remark 31M->31M(512M) 2.497ms
[2024-04-09T15:13:55.299+0800][6.484s] GC(5) User=0.01s Sys=0.00s Real=0.00s
[2024-04-09T15:13:55.302+0800][6.486s] GC(5) Concurrent Mark 35.183ms
[2024-04-09T15:13:55.302+0800][6.487s] GC(5) Concurrent Rebuild Remembered Sets
[2024-04-09T15:13:55.302+0800][6.487s] GC(5) Concurrent Rebuild Remembered Sets 0.072ms
[2024-04-09T15:13:55.302+0800][6.487s] GC(5) Pause Cleanup
[2024-04-09T15:13:55.302+0800][6.487s] GC(5) Pause Cleanup 32M->32M(512M) 0.039ms
[2024-04-09T15:13:55.302+0800][6.487s] GC(5) User=0.00s Sys=0.00s Real=0.00s
[2024-04-09T15:13:55.302+0800][6.487s] GC(5) Concurrent Cleanup for Next Mark
[2024-04-09T15:13:55.304+0800][6.488s] GC(5) Concurrent Cleanup for Next Mark 1.440ms
[2024-04-09T15:13:55.304+0800][6.489s] GC(5) Concurrent Mark Cycle 51.132ms
[2024-04-09T15:26:33.590+0800][764.794s] Heap
[2024-04-09T15:26:33.590+0800][764.795s]  garbage-first heap   total 524288K, used 178096K [0x00000007e0000000, 0x0000000800000000)
[2024-04-09T15:26:33.590+0800][764.795s]   region size 1024K, 162 young (165888K), 16 survivors (16384K)
[2024-04-09T15:26:33.590+0800][764.795s]  Metaspace       used 52735K, committed 53248K, reserved 1097728K
[2024-04-09T15:26:33.590+0800][764.795s]   class space    used 6731K, committed 6976K, reserved 1048576K
